[debug] [2026-03-10T14:45:15.335Z] ----------------------------------------------------------------------
[debug] [2026-03-10T14:45:15.341Z] Command:       C:\Program Files\nodejs\node.exe C:\Users\bongi\AppData\Roaming\npm\node_modules\firebase-tools\lib\bin\firebase.js deploy --only functions:savePaymentMethod
[debug] [2026-03-10T14:45:15.342Z] CLI Version:   15.4.0
[debug] [2026-03-10T14:45:15.342Z] Platform:      win32
[debug] [2026-03-10T14:45:15.342Z] Node Version:  v24.12.0
[debug] [2026-03-10T14:45:15.343Z] Time:          Tue Mar 10 2026 16:45:15 GMT+0200 (South Africa Standard Time)
[debug] [2026-03-10T14:45:15.343Z] ----------------------------------------------------------------------
[debug] 
[debug] [2026-03-10T14:45:19.221Z] > command requires scopes: ["email","openid","https://www.googleapis.com/auth/cloudplatformprojects.readonly","https://www.googleapis.com/auth/firebase","https://www.googleapis.com/auth/cloud-platform"]
[debug] [2026-03-10T14:45:19.221Z] > authorizing via signed-in user (bonginkosiconsider@gmail.com)
[debug] [2026-03-10T14:45:19.221Z] [iam] checking project mzansishop-b7cbe for permissions ["cloudfunctions.functions.create","cloudfunctions.functions.delete","cloudfunctions.functions.get","cloudfunctions.functions.list","cloudfunctions.functions.update","cloudfunctions.operations.get","firebase.projects.get"]
[debug] [2026-03-10T14:45:19.223Z] Checked if tokens are valid: true, expires at: 1773156693188
[debug] [2026-03-10T14:45:19.224Z] Checked if tokens are valid: true, expires at: 1773156693188
[debug] [2026-03-10T14:45:19.225Z] >>> [apiv2][query] POST https://cloudresourcemanager.googleapis.com/v1/projects/mzansishop-b7cbe:testIamPermissions [none]
[debug] [2026-03-10T14:45:19.226Z] >>> [apiv2][(partial)header] POST https://cloudresourcemanager.googleapis.com/v1/projects/mzansishop-b7cbe:testIamPermissions x-goog-quota-user=projects/mzansishop-b7cbe
[debug] [2026-03-10T14:45:19.226Z] >>> [apiv2][body] POST https://cloudresourcemanager.googleapis.com/v1/projects/mzansishop-b7cbe:testIamPermissions {"permissions":["cloudfunctions.functions.create","cloudfunctions.functions.delete","cloudfunctions.functions.get","cloudfunctions.functions.list","cloudfunctions.functions.update","cloudfunctions.operations.get","firebase.projects.get"]}
[debug] [2026-03-10T14:45:20.904Z] <<< [apiv2][status] POST https://cloudresourcemanager.googleapis.com/v1/projects/mzansishop-b7cbe:testIamPermissions 200
[debug] [2026-03-10T14:45:20.905Z] <<< [apiv2][body] POST https://cloudresourcemanager.googleapis.com/v1/projects/mzansishop-b7cbe:testIamPermissions {"permissions":["cloudfunctions.functions.create","cloudfunctions.functions.delete","cloudfunctions.functions.get","cloudfunctions.functions.list","cloudfunctions.functions.update","cloudfunctions.operations.get","firebase.projects.get"]}
[debug] [2026-03-10T14:45:20.905Z] Checked if tokens are valid: true, expires at: 1773156693188
[debug] [2026-03-10T14:45:20.905Z] Checked if tokens are valid: true, expires at: 1773156693188
[debug] [2026-03-10T14:45:20.905Z] >>> [apiv2][query] POST https://iam.googleapis.com/v1/projects/mzansishop-b7cbe/serviceAccounts/mzansishop-b7cbe@appspot.gserviceaccount.com:testIamPermissions [none]
[debug] [2026-03-10T14:45:20.905Z] >>> [apiv2][body] POST https://iam.googleapis.com/v1/projects/mzansishop-b7cbe/serviceAccounts/mzansishop-b7cbe@appspot.gserviceaccount.com:testIamPermissions {"permissions":["iam.serviceAccounts.actAs"]}
[debug] [2026-03-10T14:45:22.499Z] <<< [apiv2][status] POST https://iam.googleapis.com/v1/projects/mzansishop-b7cbe/serviceAccounts/mzansishop-b7cbe@appspot.gserviceaccount.com:testIamPermissions 200
[debug] [2026-03-10T14:45:22.499Z] <<< [apiv2][body] POST https://iam.googleapis.com/v1/projects/mzansishop-b7cbe/serviceAccounts/mzansishop-b7cbe@appspot.gserviceaccount.com:testIamPermissions {"permissions":["iam.serviceAccounts.actAs"]}
[info] 
[info] === Deploying to 'mzansishop-b7cbe'...
[info] 
[info] i  deploying functions 
[debug] [2026-03-10T14:45:22.506Z] Checked if tokens are valid: true, expires at: 1773156693188
[debug] [2026-03-10T14:45:22.506Z] Checked if tokens are valid: true, expires at: 1773156693188
[debug] [2026-03-10T14:45:22.506Z] >>> [apiv2][query] GET https://cloudresourcemanager.googleapis.com/v1/projects/mzansishop-b7cbe [none]
[debug] [2026-03-10T14:45:22.838Z] <<< [apiv2][status] GET https://cloudresourcemanager.googleapis.com/v1/projects/mzansishop-b7cbe 200
[debug] [2026-03-10T14:45:22.838Z] <<< [apiv2][body] GET https://cloudresourcemanager.googleapis.com/v1/projects/mzansishop-b7cbe {"projectNumber":"685486188945","projectId":"mzansishop-b7cbe","lifecycleState":"ACTIVE","name":"Mzansishop","labels":{"firebase":"enabled","firebase-core":"disabled"},"createTime":"2026-03-02T14:33:19.003318Z"}
[info] i  functions: preparing codebase default for deployment 
[info] i  functions: ensuring required API cloudfunctions.googleapis.com is enabled... 
[info] i  functions: ensuring required API cloudbuild.googleapis.com is enabled... 
[info] i  artifactregistry: ensuring required API artifactregistry.googleapis.com is enabled... 
[debug] [2026-03-10T14:45:22.844Z] Checked if tokens are valid: true, expires at: 1773156693188
[debug] [2026-03-10T14:45:22.844Z] Checked if tokens are valid: true, expires at: 1773156693188
[debug] [2026-03-10T14:45:22.844Z] >>> [apiv2][query] GET https://firebase.googleapis.com/v1beta1/projects/mzansishop-b7cbe/adminSdkConfig [none]
[debug] [2026-03-10T14:45:23.619Z] <<< [apiv2][status] GET https://firebase.googleapis.com/v1beta1/projects/mzansishop-b7cbe/adminSdkConfig 200
[debug] [2026-03-10T14:45:23.619Z] <<< [apiv2][body] GET https://firebase.googleapis.com/v1beta1/projects/mzansishop-b7cbe/adminSdkConfig {"projectId":"mzansishop-b7cbe","databaseURL":"https://mzansishop-b7cbe-default-rtdb.firebaseio.com","storageBucket":"mzansishop-b7cbe.firebasestorage.app"}
[debug] [2026-03-10T14:45:23.620Z] Checked if tokens are valid: true, expires at: 1773156693188
[debug] [2026-03-10T14:45:23.620Z] Checked if tokens are valid: true, expires at: 1773156693188
[debug] [2026-03-10T14:45:23.620Z] >>> [apiv2][query] GET https://runtimeconfig.googleapis.com/v1beta1/projects/mzansishop-b7cbe/configs [none]
[debug] [2026-03-10T14:45:24.135Z] <<< [apiv2][status] GET https://runtimeconfig.googleapis.com/v1beta1/projects/mzansishop-b7cbe/configs 200
[debug] [2026-03-10T14:45:24.135Z] <<< [apiv2][body] GET https://runtimeconfig.googleapis.com/v1beta1/projects/mzansishop-b7cbe/configs {}
[debug] [2026-03-10T14:45:24.138Z] Validating nodejs source
[warn] !  functions: Runtime Node.js 20 will be deprecated on 2026-04-30 and will be decommissioned on 2026-10-30, after which you will not be able to deploy without upgrading. Consider upgrading now to avoid disruption. See https://cloud.google.com/functions/docs/runtime-support for full details on the lifecycle policy 
[warn] !  functions: package.json indicates an outdated version of firebase-functions. Please upgrade using npm install --save firebase-functions@latest in your functions directory. 
[warn] !  functions: Please note that there will be breaking changes when you upgrade. 
[debug] [2026-03-10T14:45:25.752Z] > [functions] package.json contents: {
  "name": "functions",
  "private": true,
  "main": "index.js",
  "engines": {
    "node": "20"
  },
  "dependencies": {
    "express": "^4.22.1",
    "firebase-admin": "^12.7.0",
    "firebase-functions": "^4.9.0",
    "node-fetch": "^2.6.7"
  }
}
[debug] [2026-03-10T14:45:25.753Z] Building nodejs source
[info] i  functions: Loading and analyzing source code for codebase default to determine what to deploy 
[info] i  functions: You are using a version of firebase-functions SDK (4.9.0) that does not have support for the newest Firebase Extensions features. Please update firebase-functions SDK to >=5.1.0 to use them correctly 
[debug] [2026-03-10T14:45:25.756Z] Could not find functions.yaml. Must use http discovery
[debug] [2026-03-10T14:45:25.779Z] Found firebase-functions binary at 'C:\Users\bongi\Downloads\New  mzansi shop\functions\node_modules\.bin\firebase-functions'
[info] Serving at port 8966

[error] Yoco secret key not set in functions config

[error] Yoco secret key not set in functions config

[debug] [2026-03-10T14:45:27.278Z] Got response from /__/functions.yaml {"endpoints":{"subdomainRouter":{"platform":"gcfv1","availableMemoryMb":null,"timeoutSeconds":null,"minInstances":null,"maxInstances":null,"ingressSettings":null,"serviceAccountEmail":null,"vpc":null,"httpsTrigger":{},"entryPoint":"subdomainRouter"},"createCheckout":{"platform":"gcfv1","labels":{},"availableMemoryMb":null,"timeoutSeconds":null,"minInstances":null,"maxInstances":null,"ingressSettings":null,"serviceAccountEmail":null,"vpc":null,"callableTrigger":{},"entryPoint":"createCheckout"},"processPayment":{"platform":"gcfv1","labels":{},"availableMemoryMb":null,"timeoutSeconds":null,"minInstances":null,"maxInstances":null,"ingressSettings":null,"serviceAccountEmail":null,"vpc":null,"callableTrigger":{},"entryPoint":"processPayment"},"yocoWebhook":{"platform":"gcfv1","availableMemoryMb":null,"timeoutSeconds":null,"minInstances":null,"maxInstances":null,"ingressSettings":null,"serviceAccountEmail":null,"vpc":null,"httpsTrigger":{},"entryPoint":"yocoWebhook"},"createSubscription":{"platform":"gcfv1","availableMemoryMb":null,"timeoutSeconds":null,"minInstances":null,"maxInstances":null,"ingressSettings":null,"serviceAccountEmail":null,"vpc":null,"eventTrigger":{"eventType":"providers/cloud.firestore/eventTypes/document.create","eventFilters":{"resource":"projects/mzansishop-b7cbe/databases/(default)/documents/tenants/{tenantId}"},"retry":false},"labels":{},"entryPoint":"createSubscription"},"processSubscriptions":{"platform":"gcfv1","availableMemoryMb":null,"timeoutSeconds":null,"minInstances":null,"maxInstances":null,"ingressSettings":null,"serviceAccountEmail":null,"vpc":null,"scheduleTrigger":{"schedule":"0 8 * * *","retryConfig":{"retryCount":null,"maxDoublings":null,"maxRetryDuration":null,"maxBackoffDuration":null,"minBackoffDuration":null},"timeZone":"Africa/Johannesburg"},"labels":{},"entryPoint":"processSubscriptions"},"dailyPayout":{"platform":"gcfv1","availableMemoryMb":null,"timeoutSeconds":null,"minInstances":null,"maxInstances":null,"ingressSettings":null,"serviceAccountEmail":null,"vpc":null,"scheduleTrigger":{"schedule":"5 8 * * 1-5","retryConfig":{"retryCount":null,"maxDoublings":null,"maxRetryDuration":null,"maxBackoffDuration":null,"minBackoffDuration":null},"timeZone":"Africa/Johannesburg"},"labels":{},"entryPoint":"dailyPayout"},"generateWaybill":{"platform":"gcfv1","availableMemoryMb":null,"timeoutSeconds":null,"minInstances":null,"maxInstances":null,"ingressSettings":null,"serviceAccountEmail":null,"vpc":null,"eventTrigger":{"eventType":"providers/cloud.firestore/eventTypes/document.update","eventFilters":{"resource":"projects/mzansishop-b7cbe/databases/(default)/documents/orders/{orderId}"},"retry":false},"labels":{},"entryPoint":"generateWaybill"},"savePaymentMethod":{"platform":"gcfv1","labels":{},"availableMemoryMb":null,"timeoutSeconds":null,"minInstances":null,"maxInstances":null,"ingressSettings":null,"serviceAccountEmail":null,"vpc":null,"callableTrigger":{},"entryPoint":"savePaymentMethod"}},"specVersion":"v1alpha1","requiredAPIs":[{"api":"cloudscheduler.googleapis.com","reason":"Needed for scheduled functions."}]}
[info] i  functions: preparing functions directory for uploading... 
[info] i  functions: packaged C:\Users\bongi\Downloads\New  mzansi shop\functions (36.23 KB) for uploading 
[debug] [2026-03-10T14:45:31.442Z] Checked if tokens are valid: true, expires at: 1773156693188
[debug] [2026-03-10T14:45:31.442Z] Checked if tokens are valid: true, expires at: 1773156693188
[debug] [2026-03-10T14:45:31.443Z] >>> [apiv2][query] GET https://cloudfunctions.googleapis.com/v1/projects/mzansishop-b7cbe/locations/-/functions [none]
[debug] [2026-03-10T14:45:32.465Z] <<< [apiv2][status] GET https://cloudfunctions.googleapis.com/v1/projects/mzansishop-b7cbe/locations/-/functions 200
[debug] [2026-03-10T14:45:32.465Z] <<< [apiv2][body] GET https://cloudfunctions.googleapis.com/v1/projects/mzansishop-b7cbe/locations/-/functions {}
[debug] [2026-03-10T14:45:32.466Z] Checked if tokens are valid: true, expires at: 1773156693188
[debug] [2026-03-10T14:45:32.466Z] Checked if tokens are valid: true, expires at: 1773156693188
[debug] [2026-03-10T14:45:32.467Z] >>> [apiv2][query] GET https://cloudfunctions.googleapis.com/v2/projects/mzansishop-b7cbe/locations/-/functions filter=environment%3D%22GEN_2%22
[debug] [2026-03-10T14:45:33.576Z] <<< [apiv2][status] GET https://cloudfunctions.googleapis.com/v2/projects/mzansishop-b7cbe/locations/-/functions 200
[debug] [2026-03-10T14:45:33.577Z] <<< [apiv2][body] GET https://cloudfunctions.googleapis.com/v2/projects/mzansishop-b7cbe/locations/-/functions {}
[info] i  functions: ensuring required API cloudscheduler.googleapis.com is enabled... 
[debug] [2026-03-10T14:45:33.582Z] Checked if tokens are valid: true, expires at: 1773156693188
[debug] [2026-03-10T14:45:33.582Z] Checked if tokens are valid: true, expires at: 1773156693188
[debug] [2026-03-10T14:45:33.582Z] >>> [apiv2][query] GET https://serviceusage.googleapis.com/v1/projects/685486188945/services/cloudscheduler.googleapis.com [none]
[debug] [2026-03-10T14:45:33.582Z] >>> [apiv2][(partial)header] GET https://serviceusage.googleapis.com/v1/projects/685486188945/services/cloudscheduler.googleapis.com x-goog-quota-user=projects/685486188945
[debug] [2026-03-10T14:45:35.504Z] <<< [apiv2][status] GET https://serviceusage.googleapis.com/v1/projects/685486188945/services/cloudscheduler.googleapis.com 200
[debug] [2026-03-10T14:45:35.504Z] <<< [apiv2][body] GET https://serviceusage.googleapis.com/v1/projects/685486188945/services/cloudscheduler.googleapis.com [omitted]
[warn] !  functions: missing required API cloudscheduler.googleapis.com. Enabling now... 
[debug] [2026-03-10T14:45:35.505Z] Checked if tokens are valid: true, expires at: 1773156693188
[debug] [2026-03-10T14:45:35.505Z] Checked if tokens are valid: true, expires at: 1773156693188
[debug] [2026-03-10T14:45:35.505Z] >>> [apiv2][query] POST https://serviceusage.googleapis.com/v1/projects/685486188945/services/cloudscheduler.googleapis.com:enable [none]
[debug] [2026-03-10T14:45:35.505Z] >>> [apiv2][(partial)header] POST https://serviceusage.googleapis.com/v1/projects/685486188945/services/cloudscheduler.googleapis.com:enable x-goog-quota-user=projects/685486188945
[debug] [2026-03-10T14:45:37.384Z] <<< [apiv2][status] POST https://serviceusage.googleapis.com/v1/projects/685486188945/services/cloudscheduler.googleapis.com:enable 200
[debug] [2026-03-10T14:45:37.384Z] <<< [apiv2][body] POST https://serviceusage.googleapis.com/v1/projects/685486188945/services/cloudscheduler.googleapis.com:enable [omitted]
[debug] [2026-03-10T14:45:47.410Z] Checked if tokens are valid: true, expires at: 1773156693188
[debug] [2026-03-10T14:45:47.410Z] Checked if tokens are valid: true, expires at: 1773156693188
[debug] [2026-03-10T14:45:47.410Z] >>> [apiv2][query] GET https://cloudresourcemanager.googleapis.com/v1/projects/mzansishop-b7cbe [none]
[debug] [2026-03-10T14:45:49.060Z] <<< [apiv2][status] GET https://cloudresourcemanager.googleapis.com/v1/projects/mzansishop-b7cbe 200
[debug] [2026-03-10T14:45:49.060Z] <<< [apiv2][body] GET https://cloudresourcemanager.googleapis.com/v1/projects/mzansishop-b7cbe {"projectNumber":"685486188945","projectId":"mzansishop-b7cbe","lifecycleState":"ACTIVE","name":"Mzansishop","labels":{"firebase":"enabled","firebase-core":"disabled"},"createTime":"2026-03-02T14:33:19.003318Z"}
[debug] [2026-03-10T14:45:49.063Z] Checked if tokens are valid: true, expires at: 1773156693188
[debug] [2026-03-10T14:45:49.063Z] Checked if tokens are valid: true, expires at: 1773156693188
[debug] [2026-03-10T14:45:49.064Z] >>> [apiv2][query] POST https://cloudfunctions.googleapis.com/v1/projects/mzansishop-b7cbe/locations/us-central1/functions:generateUploadUrl [none]
[debug] [2026-03-10T14:45:49.064Z] >>> [apiv2][body] POST https://cloudfunctions.googleapis.com/v1/projects/mzansishop-b7cbe/locations/us-central1/functions:generateUploadUrl {}
[debug] [2026-03-10T14:45:57.025Z] <<< [apiv2][status] POST https://cloudfunctions.googleapis.com/v1/projects/mzansishop-b7cbe/locations/us-central1/functions:generateUploadUrl 200
[debug] [2026-03-10T14:45:57.025Z] <<< [apiv2][body] POST https://cloudfunctions.googleapis.com/v1/projects/mzansishop-b7cbe/locations/us-central1/functions:generateUploadUrl {"uploadUrl":"https://storage.googleapis.com/uploads-217260105995.us-central1.cloudfunctions.appspot.com/e09bfe70-df4f-49ab-a00a-0324e70ffe42.zip?GoogleAccessId=service-685486188945@gcf-admin-robot.iam.gserviceaccount.com&Expires=1773155757&Signature=puG2Df1g7b0ppyjprOpngy3dqaD1RSGCxc%2BDF38iZWep3peWvoIxTY1Eip5GSrixY5kX4heFGlZUqQgiWsMyPuUWCJ43Bdq2pvB73ZYfcrLFAUiiuMpMKm68E%2B8QgP812Jnbbtew3YIa1soz4bTddYFOccnUHDxrM70S%2FumPNMANaLuTdRxECylKRoNKA9ke0OR0FtVSrGzC7QB1xeEmmzZpg2BkaToOzURFu2V%2BIqSkZq%2BMjbiD4RWlTKuczJ9F1RUSlcFlw6dd4TpdGRNhOSsXmnvB1bOx3S%2BrATOj1l%2FAAWUpx3H3wx3D2OSo8ENBYk3GozClc408PL8r8Haj3A%3D%3D"}
[debug] [2026-03-10T14:45:57.027Z] >>> [apiv2][query] PUT https://storage.googleapis.com/uploads-217260105995.us-central1.cloudfunctions.appspot.com/e09bfe70-df4f-49ab-a00a-0324e70ffe42.zip GoogleAccessId=service-685486188945%40gcf-admin-robot.iam.gserviceaccount.com&Expires=1773155757&Signature=puG2Df1g7b0ppyjprOpngy3dqaD1RSGCxc%2BDF38iZWep3peWvoIxTY1Eip5GSrixY5kX4heFGlZUqQgiWsMyPuUWCJ43Bdq2pvB73ZYfcrLFAUiiuMpMKm68E%2B8QgP812Jnbbtew3YIa1soz4bTddYFOccnUHDxrM70S%2FumPNMANaLuTdRxECylKRoNKA9ke0OR0FtVSrGzC7QB1xeEmmzZpg2BkaToOzURFu2V%2BIqSkZq%2BMjbiD4RWlTKuczJ9F1RUSlcFlw6dd4TpdGRNhOSsXmnvB1bOx3S%2BrATOj1l%2FAAWUpx3H3wx3D2OSo8ENBYk3GozClc408PL8r8Haj3A%3D%3D
[debug] [2026-03-10T14:45:57.027Z] >>> [apiv2][body] PUT https://storage.googleapis.com/uploads-217260105995.us-central1.cloudfunctions.appspot.com/e09bfe70-df4f-49ab-a00a-0324e70ffe42.zip [stream]
[debug] [2026-03-10T14:45:57.978Z] <<< [apiv2][status] PUT https://storage.googleapis.com/uploads-217260105995.us-central1.cloudfunctions.appspot.com/e09bfe70-df4f-49ab-a00a-0324e70ffe42.zip 200
[debug] [2026-03-10T14:45:57.978Z] <<< [apiv2][body] PUT https://storage.googleapis.com/uploads-217260105995.us-central1.cloudfunctions.appspot.com/e09bfe70-df4f-49ab-a00a-0324e70ffe42.zip [omitted]
[info] +  functions: functions source uploaded successfully 
[info] i  functions: creating Node.js 20 (1st Gen) function savePaymentMethod(us-central1)... 
[debug] [2026-03-10T14:45:57.986Z] Checked if tokens are valid: true, expires at: 1773156693188
[debug] [2026-03-10T14:45:57.986Z] Checked if tokens are valid: true, expires at: 1773156693188
[debug] [2026-03-10T14:45:57.986Z] >>> [apiv2][query] POST https://cloudfunctions.googleapis.com/v1/projects/mzansishop-b7cbe/locations/us-central1/functions [none]
[debug] [2026-03-10T14:45:57.986Z] >>> [apiv2][body] POST https://cloudfunctions.googleapis.com/v1/projects/mzansishop-b7cbe/locations/us-central1/functions {"name":"projects/mzansishop-b7cbe/locations/us-central1/functions/savePaymentMethod","sourceUploadUrl":"https://storage.googleapis.com/uploads-217260105995.us-central1.cloudfunctions.appspot.com/e09bfe70-df4f-49ab-a00a-0324e70ffe42.zip?GoogleAccessId=service-685486188945@gcf-admin-robot.iam.gserviceaccount.com&Expires=1773155757&Signature=puG2Df1g7b0ppyjprOpngy3dqaD1RSGCxc%2BDF38iZWep3peWvoIxTY1Eip5GSrixY5kX4heFGlZUqQgiWsMyPuUWCJ43Bdq2pvB73ZYfcrLFAUiiuMpMKm68E%2B8QgP812Jnbbtew3YIa1soz4bTddYFOccnUHDxrM70S%2FumPNMANaLuTdRxECylKRoNKA9ke0OR0FtVSrGzC7QB1xeEmmzZpg2BkaToOzURFu2V%2BIqSkZq%2BMjbiD4RWlTKuczJ9F1RUSlcFlw6dd4TpdGRNhOSsXmnvB1bOx3S%2BrATOj1l%2FAAWUpx3H3wx3D2OSo8ENBYk3GozClc408PL8r8Haj3A%3D%3D","entryPoint":"savePaymentMethod","runtime":"nodejs20","dockerRegistry":"ARTIFACT_REGISTRY","labels":{"deployment-tool":"cli-firebase","deployment-callable":"true","firebase-functions-hash":"d478f5744d475f001985877a188c136a7283a9d5"},"httpsTrigger":{"securityLevel":"SECURE_ALWAYS"},"minInstances":null,"maxInstances":null,"ingressSettings":null,"environmentVariables":{"FIREBASE_CONFIG":"{\"projectId\":\"mzansishop-b7cbe\",\"databaseURL\":\"https://mzansishop-b7cbe-default-rtdb.firebaseio.com\",\"storageBucket\":\"mzansishop-b7cbe.firebasestorage.app\"}","GCLOUD_PROJECT":"mzansishop-b7cbe","EVENTARC_CLOUD_EVENT_SOURCE":"projects/mzansishop-b7cbe/locations/us-central1/functions/savePaymentMethod"},"serviceAccountEmail":null,"availableMemoryMb":null,"timeout":null,"vpcConnector":null,"vpcConnectorEgressSettings":null,"buildEnvironmentVariables":{"GOOGLE_NODE_RUN_SCRIPTS":""}}
[debug] [2026-03-10T14:45:59.904Z] <<< [apiv2][status] POST https://cloudfunctions.googleapis.com/v1/projects/mzansishop-b7cbe/locations/us-central1/functions 200
[debug] [2026-03-10T14:45:59.904Z] <<< [apiv2][body] POST https://cloudfunctions.googleapis.com/v1/projects/mzansishop-b7cbe/locations/us-central1/functions {"name":"operations/cHJvamVjdHMvbXphbnNpc2hvcC1iN2NiZS9sb2NhdGlvbnMvdXMtY2VudHJhbDEvb3BlcmF0aW9ucy9vcGVyYXRpb24tMTc3MzE1Mzk1ODQ3Ny02NGNhYzkzZDNjMDc2LTI1MmM0ZmMyLWU5YTlhNmZl","metadata":{"@type":"type.googleapis.com/google.cloud.functions.v1.OperationMetadataV1","target":"projects/mzansishop-b7cbe/locations/us-central1/functions/savePaymentMethod","updateTime":"2026-03-10T14:45:59.971638028Z"}}
[debug] [2026-03-10T14:45:59.905Z] Checked if tokens are valid: true, expires at: 1773156693188
[debug] [2026-03-10T14:45:59.905Z] Checked if tokens are valid: true, expires at: 1773156693188
[debug] [2026-03-10T14:45:59.906Z] >>> [apiv2][query] GET https://cloudfunctions.googleapis.com/v1/operations/cHJvamVjdHMvbXphbnNpc2hvcC1iN2NiZS9sb2NhdGlvbnMvdXMtY2VudHJhbDEvb3BlcmF0aW9ucy9vcGVyYXRpb24tMTc3MzE1Mzk1ODQ3Ny02NGNhYzkzZDNjMDc2LTI1MmM0ZmMyLWU5YTlhNmZl [none]
[debug] [2026-03-10T14:46:00.259Z] <<< [apiv2][status] GET https://cloudfunctions.googleapis.com/v1/operations/cHJvamVjdHMvbXphbnNpc2hvcC1iN2NiZS9sb2NhdGlvbnMvdXMtY2VudHJhbDEvb3BlcmF0aW9ucy9vcGVyYXRpb24tMTc3MzE1Mzk1ODQ3Ny02NGNhYzkzZDNjMDc2LTI1MmM0ZmMyLWU5YTlhNmZl 200
[debug] [2026-03-10T14:46:00.260Z] <<< [apiv2][body] GET https://cloudfunctions.googleapis.com/v1/operations/cHJvamVjdHMvbXphbnNpc2hvcC1iN2NiZS9sb2NhdGlvbnMvdXMtY2VudHJhbDEvb3BlcmF0aW9ucy9vcGVyYXRpb24tMTc3MzE1Mzk1ODQ3Ny02NGNhYzkzZDNjMDc2LTI1MmM0ZmMyLWU5YTlhNmZl {"name":"operations/cHJvamVjdHMvbXphbnNpc2hvcC1iN2NiZS9sb2NhdGlvbnMvdXMtY2VudHJhbDEvb3BlcmF0aW9ucy9vcGVyYXRpb24tMTc3MzE1Mzk1ODQ3Ny02NGNhYzkzZDNjMDc2LTI1MmM0ZmMyLWU5YTlhNmZl","metadata":{"@type":"type.googleapis.com/google.cloud.functions.v1.OperationMetadataV1","target":"projects/mzansishop-b7cbe/locations/us-central1/functions/savePaymentMethod","updateTime":"2026-03-10T14:45:59.971638028Z"}}
[debug] [2026-03-10T14:46:00.766Z] [create-default-us-central1-savePaymentMethod] Retrying task index 0
[debug] [2026-03-10T14:46:00.767Z] Checked if tokens are valid: true, expires at: 1773156693188
[debug] [2026-03-10T14:46:00.767Z] Checked if tokens are valid: true, expires at: 1773156693188
[debug] [2026-03-10T14:46:00.768Z] >>> [apiv2][query] GET https://cloudfunctions.googleapis.com/v1/operations/cHJvamVjdHMvbXphbnNpc2hvcC1iN2NiZS9sb2NhdGlvbnMvdXMtY2VudHJhbDEvb3BlcmF0aW9ucy9vcGVyYXRpb24tMTc3MzE1Mzk1ODQ3Ny02NGNhYzkzZDNjMDc2LTI1MmM0ZmMyLWU5YTlhNmZl [none]
[debug] [2026-03-10T14:46:01.108Z] <<< [apiv2][status] GET https://cloudfunctions.googleapis.com/v1/operations/cHJvamVjdHMvbXphbnNpc2hvcC1iN2NiZS9sb2NhdGlvbnMvdXMtY2VudHJhbDEvb3BlcmF0aW9ucy9vcGVyYXRpb24tMTc3MzE1Mzk1ODQ3Ny02NGNhYzkzZDNjMDc2LTI1MmM0ZmMyLWU5YTlhNmZl 200
[debug] [2026-03-10T14:46:01.108Z] <<< [apiv2][body] GET https://cloudfunctions.googleapis.com/v1/operations/cHJvamVjdHMvbXphbnNpc2hvcC1iN2NiZS9sb2NhdGlvbnMvdXMtY2VudHJhbDEvb3BlcmF0aW9ucy9vcGVyYXRpb24tMTc3MzE1Mzk1ODQ3Ny02NGNhYzkzZDNjMDc2LTI1MmM0ZmMyLWU5YTlhNmZl {"name":"operations/cHJvamVjdHMvbXphbnNpc2hvcC1iN2NiZS9sb2NhdGlvbnMvdXMtY2VudHJhbDEvb3BlcmF0aW9ucy9vcGVyYXRpb24tMTc3MzE1Mzk1ODQ3Ny02NGNhYzkzZDNjMDc2LTI1MmM0ZmMyLWU5YTlhNmZl","metadata":{"@type":"type.googleapis.com/google.cloud.functions.v1.OperationMetadataV1","target":"projects/mzansishop-b7cbe/locations/us-central1/functions/savePaymentMethod","type":"CREATE_FUNCTION","request":{"@type":"type.googleapis.com/google.cloud.functions.v1.CloudFunction","name":"projects/mzansishop-b7cbe/locations/us-central1/functions/savePaymentMethod","httpsTrigger":{"securityLevel":"SECURE_ALWAYS"},"entryPoint":"savePaymentMethod","updateTime":"1970-01-01T00:00:00Z","labels":{"deployment-tool":"cli-firebase","deployment-callable":"true","firebase-functions-hash":"d478f5744d475f001985877a188c136a7283a9d5"},"sourceUploadUrl":"https://storage.googleapis.com/uploads-217260105995.us-central1.cloudfunctions.appspot.com/e09bfe70-df4f-49ab-a00a-0324e70ffe42.zip?GoogleAccessId=service-685486188945@gcf-admin-robot.iam.gserviceaccount.com&Expires=1773155757&Signature=puG2Df1g7b0ppyjprOpngy3dqaD1RSGCxc%2BDF38iZWep3peWvoIxTY1Eip5GSrixY5kX4heFGlZUqQgiWsMyPuUWCJ43Bdq2pvB73ZYfcrLFAUiiuMpMKm68E%2B8QgP812Jnbbtew3YIa1soz4bTddYFOccnUHDxrM70S%2FumPNMANaLuTdRxECylKRoNKA9ke0OR0FtVSrGzC7QB1xeEmmzZpg2BkaToOzURFu2V%2BIqSkZq%2BMjbiD4RWlTKuczJ9F1RUSlcFlw6dd4TpdGRNhOSsXmnvB1bOx3S%2BrATOj1l%2FAAWUpx3H3wx3D2OSo8ENBYk3GozClc408PL8r8Haj3A%3D%3D","environmentVariables":{"FIREBASE_CONFIG":"{\"projectId\":\"mzansishop-b7cbe\",\"databaseURL\":\"https://mzansishop-b7cbe-default-rtdb.firebaseio.com\",\"storageBucket\":\"mzansishop-b7cbe.firebasestorage.app\"}","GCLOUD_PROJECT":"mzansishop-b7cbe","EVENTARC_CLOUD_EVENT_SOURCE":"projects/mzansishop-b7cbe/locations/us-central1/functions/savePaymentMethod"},"runtime":"nodejs20","buildEnvironmentVariables":{"GOOGLE_NODE_RUN_SCRIPTS":""},"dockerRegistry":"ARTIFACT_REGISTRY"},"updateTime":"2026-03-10T14:45:59.971638028Z"}}
[debug] [2026-03-10T14:46:02.118Z] [create-default-us-central1-savePaymentMethod] Retrying task index 0
[debug] [2026-03-10T14:46:02.118Z] Checked if tokens are valid: true, expires at: 1773156693188
[debug] [2026-03-10T14:46:02.119Z] Checked if tokens are valid: true, expires at: 1773156693188
[debug] [2026-03-10T14:46:02.119Z] >>> [apiv2][query] GET https://cloudfunctions.googleapis.com/v1/operations/cHJvamVjdHMvbXphbnNpc2hvcC1iN2NiZS9sb2NhdGlvbnMvdXMtY2VudHJhbDEvb3BlcmF0aW9ucy9vcGVyYXRpb24tMTc3MzE1Mzk1ODQ3Ny02NGNhYzkzZDNjMDc2LTI1MmM0ZmMyLWU5YTlhNmZl [none]
[debug] [2026-03-10T14:46:02.467Z] <<< [apiv2][status] GET https://cloudfunctions.googleapis.com/v1/operations/cHJvamVjdHMvbXphbnNpc2hvcC1iN2NiZS9sb2NhdGlvbnMvdXMtY2VudHJhbDEvb3BlcmF0aW9ucy9vcGVyYXRpb24tMTc3MzE1Mzk1ODQ3Ny02NGNhYzkzZDNjMDc2LTI1MmM0ZmMyLWU5YTlhNmZl 200
[debug] [2026-03-10T14:46:02.467Z] <<< [apiv2][body] GET https://cloudfunctions.googleapis.com/v1/operations/cHJvamVjdHMvbXphbnNpc2hvcC1iN2NiZS9sb2NhdGlvbnMvdXMtY2VudHJhbDEvb3BlcmF0aW9ucy9vcGVyYXRpb24tMTc3MzE1Mzk1ODQ3Ny02NGNhYzkzZDNjMDc2LTI1MmM0ZmMyLWU5YTlhNmZl {"name":"operations/cHJvamVjdHMvbXphbnNpc2hvcC1iN2NiZS9sb2NhdGlvbnMvdXMtY2VudHJhbDEvb3BlcmF0aW9ucy9vcGVyYXRpb24tMTc3MzE1Mzk1ODQ3Ny02NGNhYzkzZDNjMDc2LTI1MmM0ZmMyLWU5YTlhNmZl","metadata":{"@type":"type.googleapis.com/google.cloud.functions.v1.OperationMetadataV1","target":"projects/mzansishop-b7cbe/locations/us-central1/functions/savePaymentMethod","type":"CREATE_FUNCTION","request":{"@type":"type.googleapis.com/google.cloud.functions.v1.CloudFunction","name":"projects/mzansishop-b7cbe/locations/us-central1/functions/savePaymentMethod","httpsTrigger":{"securityLevel":"SECURE_ALWAYS"},"entryPoint":"savePaymentMethod","updateTime":"1970-01-01T00:00:00Z","labels":{"deployment-tool":"cli-firebase","deployment-callable":"true","firebase-functions-hash":"d478f5744d475f001985877a188c136a7283a9d5"},"sourceUploadUrl":"https://storage.googleapis.com/uploads-217260105995.us-central1.cloudfunctions.appspot.com/e09bfe70-df4f-49ab-a00a-0324e70ffe42.zip?GoogleAccessId=service-685486188945@gcf-admin-robot.iam.gserviceaccount.com&Expires=1773155757&Signature=puG2Df1g7b0ppyjprOpngy3dqaD1RSGCxc%2BDF38iZWep3peWvoIxTY1Eip5GSrixY5kX4heFGlZUqQgiWsMyPuUWCJ43Bdq2pvB73ZYfcrLFAUiiuMpMKm68E%2B8QgP812Jnbbtew3YIa1soz4bTddYFOccnUHDxrM70S%2FumPNMANaLuTdRxECylKRoNKA9ke0OR0FtVSrGzC7QB1xeEmmzZpg2BkaToOzURFu2V%2BIqSkZq%2BMjbiD4RWlTKuczJ9F1RUSlcFlw6dd4TpdGRNhOSsXmnvB1bOx3S%2BrATOj1l%2FAAWUpx3H3wx3D2OSo8ENBYk3GozClc408PL8r8Haj3A%3D%3D","environmentVariables":{"FIREBASE_CONFIG":"{\"projectId\":\"mzansishop-b7cbe\",\"databaseURL\":\"https://mzansishop-b7cbe-default-rtdb.firebaseio.com\",\"storageBucket\":\"mzansishop-b7cbe.firebasestorage.app\"}","GCLOUD_PROJECT":"mzansishop-b7cbe","EVENTARC_CLOUD_EVENT_SOURCE":"projects/mzansishop-b7cbe/locations/us-central1/functions/savePaymentMethod"},"runtime":"nodejs20","buildEnvironmentVariables":{"GOOGLE_NODE_RUN_SCRIPTS":""},"dockerRegistry":"ARTIFACT_REGISTRY"},"versionId":"1","updateTime":"2026-03-10T14:45:59.971638028Z"}}
[debug] [2026-03-10T14:46:04.475Z] [create-default-us-central1-savePaymentMethod] Retrying task index 0
[debug] [2026-03-10T14:46:04.475Z] Checked if tokens are valid: true, expires at: 1773156693188
[debug] [2026-03-10T14:46:04.476Z] Checked if tokens are valid: true, expires at: 1773156693188
[debug] [2026-03-10T14:46:04.477Z] >>> [apiv2][query] GET https://cloudfunctions.googleapis.com/v1/operations/cHJvamVjdHMvbXphbnNpc2hvcC1iN2NiZS9sb2NhdGlvbnMvdXMtY2VudHJhbDEvb3BlcmF0aW9ucy9vcGVyYXRpb24tMTc3MzE1Mzk1ODQ3Ny02NGNhYzkzZDNjMDc2LTI1MmM0ZmMyLWU5YTlhNmZl [none]
[debug] [2026-03-10T14:46:04.819Z] <<< [apiv2][status] GET https://cloudfunctions.googleapis.com/v1/operations/cHJvamVjdHMvbXphbnNpc2hvcC1iN2NiZS9sb2NhdGlvbnMvdXMtY2VudHJhbDEvb3BlcmF0aW9ucy9vcGVyYXRpb24tMTc3MzE1Mzk1ODQ3Ny02NGNhYzkzZDNjMDc2LTI1MmM0ZmMyLWU5YTlhNmZl 200
[debug] [2026-03-10T14:46:04.819Z] <<< [apiv2][body] GET https://cloudfunctions.googleapis.com/v1/operations/cHJvamVjdHMvbXphbnNpc2hvcC1iN2NiZS9sb2NhdGlvbnMvdXMtY2VudHJhbDEvb3BlcmF0aW9ucy9vcGVyYXRpb24tMTc3MzE1Mzk1ODQ3Ny02NGNhYzkzZDNjMDc2LTI1MmM0ZmMyLWU5YTlhNmZl {"name":"operations/cHJvamVjdHMvbXphbnNpc2hvcC1iN2NiZS9sb2NhdGlvbnMvdXMtY2VudHJhbDEvb3BlcmF0aW9ucy9vcGVyYXRpb24tMTc3MzE1Mzk1ODQ3Ny02NGNhYzkzZDNjMDc2LTI1MmM0ZmMyLWU5YTlhNmZl","metadata":{"@type":"type.googleapis.com/google.cloud.functions.v1.OperationMetadataV1","target":"projects/mzansishop-b7cbe/locations/us-central1/functions/savePaymentMethod","type":"CREATE_FUNCTION","request":{"@type":"type.googleapis.com/google.cloud.functions.v1.CloudFunction","name":"projects/mzansishop-b7cbe/locations/us-central1/functions/savePaymentMethod","httpsTrigger":{"securityLevel":"SECURE_ALWAYS"},"entryPoint":"savePaymentMethod","updateTime":"1970-01-01T00:00:00Z","labels":{"deployment-tool":"cli-firebase","deployment-callable":"true","firebase-functions-hash":"d478f5744d475f001985877a188c136a7283a9d5"},"sourceUploadUrl":"https://storage.googleapis.com/uploads-217260105995.us-central1.cloudfunctions.appspot.com/e09bfe70-df4f-49ab-a00a-0324e70ffe42.zip?GoogleAccessId=service-685486188945@gcf-admin-robot.iam.gserviceaccount.com&Expires=1773155757&Signature=puG2Df1g7b0ppyjprOpngy3dqaD1RSGCxc%2BDF38iZWep3peWvoIxTY1Eip5GSrixY5kX4heFGlZUqQgiWsMyPuUWCJ43Bdq2pvB73ZYfcrLFAUiiuMpMKm68E%2B8QgP812Jnbbtew3YIa1soz4bTddYFOccnUHDxrM70S%2FumPNMANaLuTdRxECylKRoNKA9ke0OR0FtVSrGzC7QB1xeEmmzZpg2BkaToOzURFu2V%2BIqSkZq%2BMjbiD4RWlTKuczJ9F1RUSlcFlw6dd4TpdGRNhOSsXmnvB1bOx3S%2BrATOj1l%2FAAWUpx3H3wx3D2OSo8ENBYk3GozClc408PL8r8Haj3A%3D%3D","environmentVariables":{"FIREBASE_CONFIG":"{\"projectId\":\"mzansishop-b7cbe\",\"databaseURL\":\"https://mzansishop-b7cbe-default-rtdb.firebaseio.com\",\"storageBucket\":\"mzansishop-b7cbe.firebasestorage.app\"}","GCLOUD_PROJECT":"mzansishop-b7cbe","EVENTARC_CLOUD_EVENT_SOURCE":"projects/mzansishop-b7cbe/locations/us-central1/functions/savePaymentMethod"},"runtime":"nodejs20","buildEnvironmentVariables":{"GOOGLE_NODE_RUN_SCRIPTS":""},"dockerRegistry":"ARTIFACT_REGISTRY"},"versionId":"1","updateTime":"2026-03-10T14:45:59.971638028Z"}}
[debug] [2026-03-10T14:46:08.828Z] [create-default-us-central1-savePaymentMethod] Retrying task index 0
[debug] [2026-03-10T14:46:08.829Z] Checked if tokens are valid: true, expires at: 1773156693188
[debug] [2026-03-10T14:46:08.829Z] Checked if tokens are valid: true, expires at: 1773156693188
[debug] [2026-03-10T14:46:08.829Z] >>> [apiv2][query] GET https://cloudfunctions.googleapis.com/v1/operations/cHJvamVjdHMvbXphbnNpc2hvcC1iN2NiZS9sb2NhdGlvbnMvdXMtY2VudHJhbDEvb3BlcmF0aW9ucy9vcGVyYXRpb24tMTc3MzE1Mzk1ODQ3Ny02NGNhYzkzZDNjMDc2LTI1MmM0ZmMyLWU5YTlhNmZl [none]
[debug] [2026-03-10T14:46:09.236Z] <<< [apiv2][status] GET https://cloudfunctions.googleapis.com/v1/operations/cHJvamVjdHMvbXphbnNpc2hvcC1iN2NiZS9sb2NhdGlvbnMvdXMtY2VudHJhbDEvb3BlcmF0aW9ucy9vcGVyYXRpb24tMTc3MzE1Mzk1ODQ3Ny02NGNhYzkzZDNjMDc2LTI1MmM0ZmMyLWU5YTlhNmZl 200
[debug] [2026-03-10T14:46:09.236Z] <<< [apiv2][body] GET https://cloudfunctions.googleapis.com/v1/operations/cHJvamVjdHMvbXphbnNpc2hvcC1iN2NiZS9sb2NhdGlvbnMvdXMtY2VudHJhbDEvb3BlcmF0aW9ucy9vcGVyYXRpb24tMTc3MzE1Mzk1ODQ3Ny02NGNhYzkzZDNjMDc2LTI1MmM0ZmMyLWU5YTlhNmZl {"name":"operations/cHJvamVjdHMvbXphbnNpc2hvcC1iN2NiZS9sb2NhdGlvbnMvdXMtY2VudHJhbDEvb3BlcmF0aW9ucy9vcGVyYXRpb24tMTc3MzE1Mzk1ODQ3Ny02NGNhYzkzZDNjMDc2LTI1MmM0ZmMyLWU5YTlhNmZl","metadata":{"@type":"type.googleapis.com/google.cloud.functions.v1.OperationMetadataV1","target":"projects/mzansishop-b7cbe/locations/us-central1/functions/savePaymentMethod","type":"CREATE_FUNCTION","request":{"@type":"type.googleapis.com/google.cloud.functions.v1.CloudFunction","name":"projects/mzansishop-b7cbe/locations/us-central1/functions/savePaymentMethod","httpsTrigger":{"securityLevel":"SECURE_ALWAYS"},"entryPoint":"savePaymentMethod","updateTime":"1970-01-01T00:00:00Z","labels":{"deployment-tool":"cli-firebase","deployment-callable":"true","firebase-functions-hash":"d478f5744d475f001985877a188c136a7283a9d5"},"sourceUploadUrl":"https://storage.googleapis.com/uploads-217260105995.us-central1.cloudfunctions.appspot.com/e09bfe70-df4f-49ab-a00a-0324e70ffe42.zip?GoogleAccessId=service-685486188945@gcf-admin-robot.iam.gserviceaccount.com&Expires=1773155757&Signature=puG2Df1g7b0ppyjprOpngy3dqaD1RSGCxc%2BDF38iZWep3peWvoIxTY1Eip5GSrixY5kX4heFGlZUqQgiWsMyPuUWCJ43Bdq2pvB73ZYfcrLFAUiiuMpMKm68E%2B8QgP812Jnbbtew3YIa1soz4bTddYFOccnUHDxrM70S%2FumPNMANaLuTdRxECylKRoNKA9ke0OR0FtVSrGzC7QB1xeEmmzZpg2BkaToOzURFu2V%2BIqSkZq%2BMjbiD4RWlTKuczJ9F1RUSlcFlw6dd4TpdGRNhOSsXmnvB1bOx3S%2BrATOj1l%2FAAWUpx3H3wx3D2OSo8ENBYk3GozClc408PL8r8Haj3A%3D%3D","environmentVariables":{"FIREBASE_CONFIG":"{\"projectId\":\"mzansishop-b7cbe\",\"databaseURL\":\"https://mzansishop-b7cbe-default-rtdb.firebaseio.com\",\"storageBucket\":\"mzansishop-b7cbe.firebasestorage.app\"}","GCLOUD_PROJECT":"mzansishop-b7cbe","EVENTARC_CLOUD_EVENT_SOURCE":"projects/mzansishop-b7cbe/locations/us-central1/functions/savePaymentMethod"},"runtime":"nodejs20","buildEnvironmentVariables":{"GOOGLE_NODE_RUN_SCRIPTS":""},"dockerRegistry":"ARTIFACT_REGISTRY"},"versionId":"1","updateTime":"2026-03-10T14:45:59.971638028Z"}}
[debug] [2026-03-10T14:46:17.238Z] [create-default-us-central1-savePaymentMethod] Retrying task index 0
[debug] [2026-03-10T14:46:17.239Z] Checked if tokens are valid: true, expires at: 1773156693188
[debug] [2026-03-10T14:46:17.239Z] Checked if tokens are valid: true, expires at: 1773156693188
[debug] [2026-03-10T14:46:17.240Z] >>> [apiv2][query] GET https://cloudfunctions.googleapis.com/v1/operations/cHJvamVjdHMvbXphbnNpc2hvcC1iN2NiZS9sb2NhdGlvbnMvdXMtY2VudHJhbDEvb3BlcmF0aW9ucy9vcGVyYXRpb24tMTc3MzE1Mzk1ODQ3Ny02NGNhYzkzZDNjMDc2LTI1MmM0ZmMyLWU5YTlhNmZl [none]
[debug] [2026-03-10T14:46:17.760Z] <<< [apiv2][status] GET https://cloudfunctions.googleapis.com/v1/operations/cHJvamVjdHMvbXphbnNpc2hvcC1iN2NiZS9sb2NhdGlvbnMvdXMtY2VudHJhbDEvb3BlcmF0aW9ucy9vcGVyYXRpb24tMTc3MzE1Mzk1ODQ3Ny02NGNhYzkzZDNjMDc2LTI1MmM0ZmMyLWU5YTlhNmZl 200
[debug] [2026-03-10T14:46:17.761Z] <<< [apiv2][body] GET https://cloudfunctions.googleapis.com/v1/operations/cHJvamVjdHMvbXphbnNpc2hvcC1iN2NiZS9sb2NhdGlvbnMvdXMtY2VudHJhbDEvb3BlcmF0aW9ucy9vcGVyYXRpb24tMTc3MzE1Mzk1ODQ3Ny02NGNhYzkzZDNjMDc2LTI1MmM0ZmMyLWU5YTlhNmZl {"name":"operations/cHJvamVjdHMvbXphbnNpc2hvcC1iN2NiZS9sb2NhdGlvbnMvdXMtY2VudHJhbDEvb3BlcmF0aW9ucy9vcGVyYXRpb24tMTc3MzE1Mzk1ODQ3Ny02NGNhYzkzZDNjMDc2LTI1MmM0ZmMyLWU5YTlhNmZl","metadata":{"@type":"type.googleapis.com/google.cloud.functions.v1.OperationMetadataV1","target":"projects/mzansishop-b7cbe/locations/us-central1/functions/savePaymentMethod","type":"CREATE_FUNCTION","request":{"@type":"type.googleapis.com/google.cloud.functions.v1.CloudFunction","name":"projects/mzansishop-b7cbe/locations/us-central1/functions/savePaymentMethod","httpsTrigger":{"securityLevel":"SECURE_ALWAYS"},"entryPoint":"savePaymentMethod","updateTime":"1970-01-01T00:00:00Z","labels":{"deployment-tool":"cli-firebase","deployment-callable":"true","firebase-functions-hash":"d478f5744d475f001985877a188c136a7283a9d5"},"sourceUploadUrl":"https://storage.googleapis.com/uploads-217260105995.us-central1.cloudfunctions.appspot.com/e09bfe70-df4f-49ab-a00a-0324e70ffe42.zip?GoogleAccessId=service-685486188945@gcf-admin-robot.iam.gserviceaccount.com&Expires=1773155757&Signature=puG2Df1g7b0ppyjprOpngy3dqaD1RSGCxc%2BDF38iZWep3peWvoIxTY1Eip5GSrixY5kX4heFGlZUqQgiWsMyPuUWCJ43Bdq2pvB73ZYfcrLFAUiiuMpMKm68E%2B8QgP812Jnbbtew3YIa1soz4bTddYFOccnUHDxrM70S%2FumPNMANaLuTdRxECylKRoNKA9ke0OR0FtVSrGzC7QB1xeEmmzZpg2BkaToOzURFu2V%2BIqSkZq%2BMjbiD4RWlTKuczJ9F1RUSlcFlw6dd4TpdGRNhOSsXmnvB1bOx3S%2BrATOj1l%2FAAWUpx3H3wx3D2OSo8ENBYk3GozClc408PL8r8Haj3A%3D%3D","environmentVariables":{"FIREBASE_CONFIG":"{\"projectId\":\"mzansishop-b7cbe\",\"databaseURL\":\"https://mzansishop-b7cbe-default-rtdb.firebaseio.com\",\"storageBucket\":\"mzansishop-b7cbe.firebasestorage.app\"}","GCLOUD_PROJECT":"mzansishop-b7cbe","EVENTARC_CLOUD_EVENT_SOURCE":"projects/mzansishop-b7cbe/locations/us-central1/functions/savePaymentMethod"},"runtime":"nodejs20","buildEnvironmentVariables":{"GOOGLE_NODE_RUN_SCRIPTS":""},"dockerRegistry":"ARTIFACT_REGISTRY"},"versionId":"1","updateTime":"2026-03-10T14:45:59.971638028Z","buildId":"df65b0c3-b01f-43a5-b5ef-3cd7edbb6f62","buildName":"projects/685486188945/locations/us-central1/builds/df65b0c3-b01f-43a5-b5ef-3cd7edbb6f62"}}
[debug] [2026-03-10T14:46:27.769Z] [create-default-us-central1-savePaymentMethod] Retrying task index 0
[debug] [2026-03-10T14:46:27.770Z] Checked if tokens are valid: true, expires at: 1773156693188
[debug] [2026-03-10T14:46:27.770Z] Checked if tokens are valid: true, expires at: 1773156693188
[debug] [2026-03-10T14:46:27.770Z] >>> [apiv2][query] GET https://cloudfunctions.googleapis.com/v1/operations/cHJvamVjdHMvbXphbnNpc2hvcC1iN2NiZS9sb2NhdGlvbnMvdXMtY2VudHJhbDEvb3BlcmF0aW9ucy9vcGVyYXRpb24tMTc3MzE1Mzk1ODQ3Ny02NGNhYzkzZDNjMDc2LTI1MmM0ZmMyLWU5YTlhNmZl [none]
[debug] [2026-03-10T14:46:28.269Z] <<< [apiv2][status] GET https://cloudfunctions.googleapis.com/v1/operations/cHJvamVjdHMvbXphbnNpc2hvcC1iN2NiZS9sb2NhdGlvbnMvdXMtY2VudHJhbDEvb3BlcmF0aW9ucy9vcGVyYXRpb24tMTc3MzE1Mzk1ODQ3Ny02NGNhYzkzZDNjMDc2LTI1MmM0ZmMyLWU5YTlhNmZl 200
[debug] [2026-03-10T14:46:28.270Z] <<< [apiv2][body] GET https://cloudfunctions.googleapis.com/v1/operations/cHJvamVjdHMvbXphbnNpc2hvcC1iN2NiZS9sb2NhdGlvbnMvdXMtY2VudHJhbDEvb3BlcmF0aW9ucy9vcGVyYXRpb24tMTc3MzE1Mzk1ODQ3Ny02NGNhYzkzZDNjMDc2LTI1MmM0ZmMyLWU5YTlhNmZl {"name":"operations/cHJvamVjdHMvbXphbnNpc2hvcC1iN2NiZS9sb2NhdGlvbnMvdXMtY2VudHJhbDEvb3BlcmF0aW9ucy9vcGVyYXRpb24tMTc3MzE1Mzk1ODQ3Ny02NGNhYzkzZDNjMDc2LTI1MmM0ZmMyLWU5YTlhNmZl","metadata":{"@type":"type.googleapis.com/google.cloud.functions.v1.OperationMetadataV1","target":"projects/mzansishop-b7cbe/locations/us-central1/functions/savePaymentMethod","type":"CREATE_FUNCTION","request":{"@type":"type.googleapis.com/google.cloud.functions.v1.CloudFunction","name":"projects/mzansishop-b7cbe/locations/us-central1/functions/savePaymentMethod","httpsTrigger":{"securityLevel":"SECURE_ALWAYS"},"entryPoint":"savePaymentMethod","updateTime":"1970-01-01T00:00:00Z","labels":{"deployment-tool":"cli-firebase","deployment-callable":"true","firebase-functions-hash":"d478f5744d475f001985877a188c136a7283a9d5"},"sourceUploadUrl":"https://storage.googleapis.com/uploads-217260105995.us-central1.cloudfunctions.appspot.com/e09bfe70-df4f-49ab-a00a-0324e70ffe42.zip?GoogleAccessId=service-685486188945@gcf-admin-robot.iam.gserviceaccount.com&Expires=1773155757&Signature=puG2Df1g7b0ppyjprOpngy3dqaD1RSGCxc%2BDF38iZWep3peWvoIxTY1Eip5GSrixY5kX4heFGlZUqQgiWsMyPuUWCJ43Bdq2pvB73ZYfcrLFAUiiuMpMKm68E%2B8QgP812Jnbbtew3YIa1soz4bTddYFOccnUHDxrM70S%2FumPNMANaLuTdRxECylKRoNKA9ke0OR0FtVSrGzC7QB1xeEmmzZpg2BkaToOzURFu2V%2BIqSkZq%2BMjbiD4RWlTKuczJ9F1RUSlcFlw6dd4TpdGRNhOSsXmnvB1bOx3S%2BrATOj1l%2FAAWUpx3H3wx3D2OSo8ENBYk3GozClc408PL8r8Haj3A%3D%3D","environmentVariables":{"FIREBASE_CONFIG":"{\"projectId\":\"mzansishop-b7cbe\",\"databaseURL\":\"https://mzansishop-b7cbe-default-rtdb.firebaseio.com\",\"storageBucket\":\"mzansishop-b7cbe.firebasestorage.app\"}","GCLOUD_PROJECT":"mzansishop-b7cbe","EVENTARC_CLOUD_EVENT_SOURCE":"projects/mzansishop-b7cbe/locations/us-central1/functions/savePaymentMethod"},"runtime":"nodejs20","buildEnvironmentVariables":{"GOOGLE_NODE_RUN_SCRIPTS":""},"dockerRegistry":"ARTIFACT_REGISTRY"},"versionId":"1","updateTime":"2026-03-10T14:45:59.971638028Z","buildId":"df65b0c3-b01f-43a5-b5ef-3cd7edbb6f62","buildName":"projects/685486188945/locations/us-central1/builds/df65b0c3-b01f-43a5-b5ef-3cd7edbb6f62"}}
[debug] [2026-03-10T14:46:38.280Z] [create-default-us-central1-savePaymentMethod] Retrying task index 0
[debug] [2026-03-10T14:46:38.281Z] Checked if tokens are valid: true, expires at: 1773156693188
[debug] [2026-03-10T14:46:38.281Z] Checked if tokens are valid: true, expires at: 1773156693188
[debug] [2026-03-10T14:46:38.281Z] >>> [apiv2][query] GET https://cloudfunctions.googleapis.com/v1/operations/cHJvamVjdHMvbXphbnNpc2hvcC1iN2NiZS9sb2NhdGlvbnMvdXMtY2VudHJhbDEvb3BlcmF0aW9ucy9vcGVyYXRpb24tMTc3MzE1Mzk1ODQ3Ny02NGNhYzkzZDNjMDc2LTI1MmM0ZmMyLWU5YTlhNmZl [none]
[debug] [2026-03-10T14:46:38.769Z] <<< [apiv2][status] GET https://cloudfunctions.googleapis.com/v1/operations/cHJvamVjdHMvbXphbnNpc2hvcC1iN2NiZS9sb2NhdGlvbnMvdXMtY2VudHJhbDEvb3BlcmF0aW9ucy9vcGVyYXRpb24tMTc3MzE1Mzk1ODQ3Ny02NGNhYzkzZDNjMDc2LTI1MmM0ZmMyLWU5YTlhNmZl 200
[debug] [2026-03-10T14:46:38.769Z] <<< [apiv2][body] GET https://cloudfunctions.googleapis.com/v1/operations/cHJvamVjdHMvbXphbnNpc2hvcC1iN2NiZS9sb2NhdGlvbnMvdXMtY2VudHJhbDEvb3BlcmF0aW9ucy9vcGVyYXRpb24tMTc3MzE1Mzk1ODQ3Ny02NGNhYzkzZDNjMDc2LTI1MmM0ZmMyLWU5YTlhNmZl {"name":"operations/cHJvamVjdHMvbXphbnNpc2hvcC1iN2NiZS9sb2NhdGlvbnMvdXMtY2VudHJhbDEvb3BlcmF0aW9ucy9vcGVyYXRpb24tMTc3MzE1Mzk1ODQ3Ny02NGNhYzkzZDNjMDc2LTI1MmM0ZmMyLWU5YTlhNmZl","metadata":{"@type":"type.googleapis.com/google.cloud.functions.v1.OperationMetadataV1","target":"projects/mzansishop-b7cbe/locations/us-central1/functions/savePaymentMethod","type":"CREATE_FUNCTION","request":{"@type":"type.googleapis.com/google.cloud.functions.v1.CloudFunction","name":"projects/mzansishop-b7cbe/locations/us-central1/functions/savePaymentMethod","httpsTrigger":{"securityLevel":"SECURE_ALWAYS"},"entryPoint":"savePaymentMethod","updateTime":"1970-01-01T00:00:00Z","labels":{"deployment-tool":"cli-firebase","deployment-callable":"true","firebase-functions-hash":"d478f5744d475f001985877a188c136a7283a9d5"},"sourceUploadUrl":"https://storage.googleapis.com/uploads-217260105995.us-central1.cloudfunctions.appspot.com/e09bfe70-df4f-49ab-a00a-0324e70ffe42.zip?GoogleAccessId=service-685486188945@gcf-admin-robot.iam.gserviceaccount.com&Expires=1773155757&Signature=puG2Df1g7b0ppyjprOpngy3dqaD1RSGCxc%2BDF38iZWep3peWvoIxTY1Eip5GSrixY5kX4heFGlZUqQgiWsMyPuUWCJ43Bdq2pvB73ZYfcrLFAUiiuMpMKm68E%2B8QgP812Jnbbtew3YIa1soz4bTddYFOccnUHDxrM70S%2FumPNMANaLuTdRxECylKRoNKA9ke0OR0FtVSrGzC7QB1xeEmmzZpg2BkaToOzURFu2V%2BIqSkZq%2BMjbiD4RWlTKuczJ9F1RUSlcFlw6dd4TpdGRNhOSsXmnvB1bOx3S%2BrATOj1l%2FAAWUpx3H3wx3D2OSo8ENBYk3GozClc408PL8r8Haj3A%3D%3D","environmentVariables":{"FIREBASE_CONFIG":"{\"projectId\":\"mzansishop-b7cbe\",\"databaseURL\":\"https://mzansishop-b7cbe-default-rtdb.firebaseio.com\",\"storageBucket\":\"mzansishop-b7cbe.firebasestorage.app\"}","GCLOUD_PROJECT":"mzansishop-b7cbe","EVENTARC_CLOUD_EVENT_SOURCE":"projects/mzansishop-b7cbe/locations/us-central1/functions/savePaymentMethod"},"runtime":"nodejs20","buildEnvironmentVariables":{"GOOGLE_NODE_RUN_SCRIPTS":""},"dockerRegistry":"ARTIFACT_REGISTRY"},"versionId":"1","updateTime":"2026-03-10T14:45:59.971638028Z","buildId":"df65b0c3-b01f-43a5-b5ef-3cd7edbb6f62","buildName":"projects/685486188945/locations/us-central1/builds/df65b0c3-b01f-43a5-b5ef-3cd7edbb6f62"}}
[debug] [2026-03-10T14:46:48.776Z] [create-default-us-central1-savePaymentMethod] Retrying task index 0
[debug] [2026-03-10T14:46:48.777Z] Checked if tokens are valid: true, expires at: 1773156693188
[debug] [2026-03-10T14:46:48.778Z] Checked if tokens are valid: true, expires at: 1773156693188
[debug] [2026-03-10T14:46:48.778Z] >>> [apiv2][query] GET https://cloudfunctions.googleapis.com/v1/operations/cHJvamVjdHMvbXphbnNpc2hvcC1iN2NiZS9sb2NhdGlvbnMvdXMtY2VudHJhbDEvb3BlcmF0aW9ucy9vcGVyYXRpb24tMTc3MzE1Mzk1ODQ3Ny02NGNhYzkzZDNjMDc2LTI1MmM0ZmMyLWU5YTlhNmZl [none]
[debug] [2026-03-10T14:46:49.373Z] <<< [apiv2][status] GET https://cloudfunctions.googleapis.com/v1/operations/cHJvamVjdHMvbXphbnNpc2hvcC1iN2NiZS9sb2NhdGlvbnMvdXMtY2VudHJhbDEvb3BlcmF0aW9ucy9vcGVyYXRpb24tMTc3MzE1Mzk1ODQ3Ny02NGNhYzkzZDNjMDc2LTI1MmM0ZmMyLWU5YTlhNmZl 200
[debug] [2026-03-10T14:46:49.374Z] <<< [apiv2][body] GET https://cloudfunctions.googleapis.com/v1/operations/cHJvamVjdHMvbXphbnNpc2hvcC1iN2NiZS9sb2NhdGlvbnMvdXMtY2VudHJhbDEvb3BlcmF0aW9ucy9vcGVyYXRpb24tMTc3MzE1Mzk1ODQ3Ny02NGNhYzkzZDNjMDc2LTI1MmM0ZmMyLWU5YTlhNmZl {"name":"operations/cHJvamVjdHMvbXphbnNpc2hvcC1iN2NiZS9sb2NhdGlvbnMvdXMtY2VudHJhbDEvb3BlcmF0aW9ucy9vcGVyYXRpb24tMTc3MzE1Mzk1ODQ3Ny02NGNhYzkzZDNjMDc2LTI1MmM0ZmMyLWU5YTlhNmZl","metadata":{"@type":"type.googleapis.com/google.cloud.functions.v1.OperationMetadataV1","target":"projects/mzansishop-b7cbe/locations/us-central1/functions/savePaymentMethod","type":"CREATE_FUNCTION","request":{"@type":"type.googleapis.com/google.cloud.functions.v1.CloudFunction","name":"projects/mzansishop-b7cbe/locations/us-central1/functions/savePaymentMethod","httpsTrigger":{"securityLevel":"SECURE_ALWAYS"},"entryPoint":"savePaymentMethod","updateTime":"1970-01-01T00:00:00Z","labels":{"deployment-tool":"cli-firebase","deployment-callable":"true","firebase-functions-hash":"d478f5744d475f001985877a188c136a7283a9d5"},"sourceUploadUrl":"https://storage.googleapis.com/uploads-217260105995.us-central1.cloudfunctions.appspot.com/e09bfe70-df4f-49ab-a00a-0324e70ffe42.zip?GoogleAccessId=service-685486188945@gcf-admin-robot.iam.gserviceaccount.com&Expires=1773155757&Signature=puG2Df1g7b0ppyjprOpngy3dqaD1RSGCxc%2BDF38iZWep3peWvoIxTY1Eip5GSrixY5kX4heFGlZUqQgiWsMyPuUWCJ43Bdq2pvB73ZYfcrLFAUiiuMpMKm68E%2B8QgP812Jnbbtew3YIa1soz4bTddYFOccnUHDxrM70S%2FumPNMANaLuTdRxECylKRoNKA9ke0OR0FtVSrGzC7QB1xeEmmzZpg2BkaToOzURFu2V%2BIqSkZq%2BMjbiD4RWlTKuczJ9F1RUSlcFlw6dd4TpdGRNhOSsXmnvB1bOx3S%2BrATOj1l%2FAAWUpx3H3wx3D2OSo8ENBYk3GozClc408PL8r8Haj3A%3D%3D","environmentVariables":{"FIREBASE_CONFIG":"{\"projectId\":\"mzansishop-b7cbe\",\"databaseURL\":\"https://mzansishop-b7cbe-default-rtdb.firebaseio.com\",\"storageBucket\":\"mzansishop-b7cbe.firebasestorage.app\"}","GCLOUD_PROJECT":"mzansishop-b7cbe","EVENTARC_CLOUD_EVENT_SOURCE":"projects/mzansishop-b7cbe/locations/us-central1/functions/savePaymentMethod"},"runtime":"nodejs20","buildEnvironmentVariables":{"GOOGLE_NODE_RUN_SCRIPTS":""},"dockerRegistry":"ARTIFACT_REGISTRY"},"versionId":"1","updateTime":"2026-03-10T14:45:59.971638028Z","buildId":"df65b0c3-b01f-43a5-b5ef-3cd7edbb6f62","buildName":"projects/685486188945/locations/us-central1/builds/df65b0c3-b01f-43a5-b5ef-3cd7edbb6f62"}}
[debug] [2026-03-10T14:46:59.387Z] [create-default-us-central1-savePaymentMethod] Retrying task index 0
[debug] [2026-03-10T14:46:59.388Z] Checked if tokens are valid: true, expires at: 1773156693188
[debug] [2026-03-10T14:46:59.388Z] Checked if tokens are valid: true, expires at: 1773156693188
[debug] [2026-03-10T14:46:59.388Z] >>> [apiv2][query] GET https://cloudfunctions.googleapis.com/v1/operations/cHJvamVjdHMvbXphbnNpc2hvcC1iN2NiZS9sb2NhdGlvbnMvdXMtY2VudHJhbDEvb3BlcmF0aW9ucy9vcGVyYXRpb24tMTc3MzE1Mzk1ODQ3Ny02NGNhYzkzZDNjMDc2LTI1MmM0ZmMyLWU5YTlhNmZl [none]
[debug] [2026-03-10T14:46:59.930Z] <<< [apiv2][status] GET https://cloudfunctions.googleapis.com/v1/operations/cHJvamVjdHMvbXphbnNpc2hvcC1iN2NiZS9sb2NhdGlvbnMvdXMtY2VudHJhbDEvb3BlcmF0aW9ucy9vcGVyYXRpb24tMTc3MzE1Mzk1ODQ3Ny02NGNhYzkzZDNjMDc2LTI1MmM0ZmMyLWU5YTlhNmZl 200
[debug] [2026-03-10T14:46:59.930Z] <<< [apiv2][body] GET https://cloudfunctions.googleapis.com/v1/operations/cHJvamVjdHMvbXphbnNpc2hvcC1iN2NiZS9sb2NhdGlvbnMvdXMtY2VudHJhbDEvb3BlcmF0aW9ucy9vcGVyYXRpb24tMTc3MzE1Mzk1ODQ3Ny02NGNhYzkzZDNjMDc2LTI1MmM0ZmMyLWU5YTlhNmZl {"name":"operations/cHJvamVjdHMvbXphbnNpc2hvcC1iN2NiZS9sb2NhdGlvbnMvdXMtY2VudHJhbDEvb3BlcmF0aW9ucy9vcGVyYXRpb24tMTc3MzE1Mzk1ODQ3Ny02NGNhYzkzZDNjMDc2LTI1MmM0ZmMyLWU5YTlhNmZl","metadata":{"@type":"type.googleapis.com/google.cloud.functions.v1.OperationMetadataV1","target":"projects/mzansishop-b7cbe/locations/us-central1/functions/savePaymentMethod","type":"CREATE_FUNCTION","request":{"@type":"type.googleapis.com/google.cloud.functions.v1.CloudFunction","name":"projects/mzansishop-b7cbe/locations/us-central1/functions/savePaymentMethod","httpsTrigger":{"securityLevel":"SECURE_ALWAYS"},"entryPoint":"savePaymentMethod","updateTime":"1970-01-01T00:00:00Z","labels":{"deployment-tool":"cli-firebase","deployment-callable":"true","firebase-functions-hash":"d478f5744d475f001985877a188c136a7283a9d5"},"sourceUploadUrl":"https://storage.googleapis.com/uploads-217260105995.us-central1.cloudfunctions.appspot.com/e09bfe70-df4f-49ab-a00a-0324e70ffe42.zip?GoogleAccessId=service-685486188945@gcf-admin-robot.iam.gserviceaccount.com&Expires=1773155757&Signature=puG2Df1g7b0ppyjprOpngy3dqaD1RSGCxc%2BDF38iZWep3peWvoIxTY1Eip5GSrixY5kX4heFGlZUqQgiWsMyPuUWCJ43Bdq2pvB73ZYfcrLFAUiiuMpMKm68E%2B8QgP812Jnbbtew3YIa1soz4bTddYFOccnUHDxrM70S%2FumPNMANaLuTdRxECylKRoNKA9ke0OR0FtVSrGzC7QB1xeEmmzZpg2BkaToOzURFu2V%2BIqSkZq%2BMjbiD4RWlTKuczJ9F1RUSlcFlw6dd4TpdGRNhOSsXmnvB1bOx3S%2BrATOj1l%2FAAWUpx3H3wx3D2OSo8ENBYk3GozClc408PL8r8Haj3A%3D%3D","environmentVariables":{"FIREBASE_CONFIG":"{\"projectId\":\"mzansishop-b7cbe\",\"databaseURL\":\"https://mzansishop-b7cbe-default-rtdb.firebaseio.com\",\"storageBucket\":\"mzansishop-b7cbe.firebasestorage.app\"}","GCLOUD_PROJECT":"mzansishop-b7cbe","EVENTARC_CLOUD_EVENT_SOURCE":"projects/mzansishop-b7cbe/locations/us-central1/functions/savePaymentMethod"},"runtime":"nodejs20","buildEnvironmentVariables":{"GOOGLE_NODE_RUN_SCRIPTS":""},"dockerRegistry":"ARTIFACT_REGISTRY"},"versionId":"1","updateTime":"2026-03-10T14:45:59.971638028Z","buildId":"df65b0c3-b01f-43a5-b5ef-3cd7edbb6f62","buildName":"projects/685486188945/locations/us-central1/builds/df65b0c3-b01f-43a5-b5ef-3cd7edbb6f62"}}
[debug] [2026-03-10T14:47:09.946Z] [create-default-us-central1-savePaymentMethod] Retrying task index 0
[debug] [2026-03-10T14:47:09.947Z] Checked if tokens are valid: true, expires at: 1773156693188
[debug] [2026-03-10T14:47:09.947Z] Checked if tokens are valid: true, expires at: 1773156693188
[debug] [2026-03-10T14:47:09.947Z] >>> [apiv2][query] GET https://cloudfunctions.googleapis.com/v1/operations/cHJvamVjdHMvbXphbnNpc2hvcC1iN2NiZS9sb2NhdGlvbnMvdXMtY2VudHJhbDEvb3BlcmF0aW9ucy9vcGVyYXRpb24tMTc3MzE1Mzk1ODQ3Ny02NGNhYzkzZDNjMDc2LTI1MmM0ZmMyLWU5YTlhNmZl [none]
[debug] [2026-03-10T14:47:10.558Z] <<< [apiv2][status] GET https://cloudfunctions.googleapis.com/v1/operations/cHJvamVjdHMvbXphbnNpc2hvcC1iN2NiZS9sb2NhdGlvbnMvdXMtY2VudHJhbDEvb3BlcmF0aW9ucy9vcGVyYXRpb24tMTc3MzE1Mzk1ODQ3Ny02NGNhYzkzZDNjMDc2LTI1MmM0ZmMyLWU5YTlhNmZl 200
[debug] [2026-03-10T14:47:10.558Z] <<< [apiv2][body] GET https://cloudfunctions.googleapis.com/v1/operations/cHJvamVjdHMvbXphbnNpc2hvcC1iN2NiZS9sb2NhdGlvbnMvdXMtY2VudHJhbDEvb3BlcmF0aW9ucy9vcGVyYXRpb24tMTc3MzE1Mzk1ODQ3Ny02NGNhYzkzZDNjMDc2LTI1MmM0ZmMyLWU5YTlhNmZl {"name":"operations/cHJvamVjdHMvbXphbnNpc2hvcC1iN2NiZS9sb2NhdGlvbnMvdXMtY2VudHJhbDEvb3BlcmF0aW9ucy9vcGVyYXRpb24tMTc3MzE1Mzk1ODQ3Ny02NGNhYzkzZDNjMDc2LTI1MmM0ZmMyLWU5YTlhNmZl","metadata":{"@type":"type.googleapis.com/google.cloud.functions.v1.OperationMetadataV1","target":"projects/mzansishop-b7cbe/locations/us-central1/functions/savePaymentMethod","type":"CREATE_FUNCTION","request":{"@type":"type.googleapis.com/google.cloud.functions.v1.CloudFunction","name":"projects/mzansishop-b7cbe/locations/us-central1/functions/savePaymentMethod","httpsTrigger":{"securityLevel":"SECURE_ALWAYS"},"entryPoint":"savePaymentMethod","updateTime":"1970-01-01T00:00:00Z","labels":{"deployment-tool":"cli-firebase","deployment-callable":"true","firebase-functions-hash":"d478f5744d475f001985877a188c136a7283a9d5"},"sourceUploadUrl":"https://storage.googleapis.com/uploads-217260105995.us-central1.cloudfunctions.appspot.com/e09bfe70-df4f-49ab-a00a-0324e70ffe42.zip?GoogleAccessId=service-685486188945@gcf-admin-robot.iam.gserviceaccount.com&Expires=1773155757&Signature=puG2Df1g7b0ppyjprOpngy3dqaD1RSGCxc%2BDF38iZWep3peWvoIxTY1Eip5GSrixY5kX4heFGlZUqQgiWsMyPuUWCJ43Bdq2pvB73ZYfcrLFAUiiuMpMKm68E%2B8QgP812Jnbbtew3YIa1soz4bTddYFOccnUHDxrM70S%2FumPNMANaLuTdRxECylKRoNKA9ke0OR0FtVSrGzC7QB1xeEmmzZpg2BkaToOzURFu2V%2BIqSkZq%2BMjbiD4RWlTKuczJ9F1RUSlcFlw6dd4TpdGRNhOSsXmnvB1bOx3S%2BrATOj1l%2FAAWUpx3H3wx3D2OSo8ENBYk3GozClc408PL8r8Haj3A%3D%3D","environmentVariables":{"FIREBASE_CONFIG":"{\"projectId\":\"mzansishop-b7cbe\",\"databaseURL\":\"https://mzansishop-b7cbe-default-rtdb.firebaseio.com\",\"storageBucket\":\"mzansishop-b7cbe.firebasestorage.app\"}","GCLOUD_PROJECT":"mzansishop-b7cbe","EVENTARC_CLOUD_EVENT_SOURCE":"projects/mzansishop-b7cbe/locations/us-central1/functions/savePaymentMethod"},"runtime":"nodejs20","buildEnvironmentVariables":{"GOOGLE_NODE_RUN_SCRIPTS":""},"dockerRegistry":"ARTIFACT_REGISTRY"},"versionId":"1","updateTime":"2026-03-10T14:45:59.971638028Z","buildId":"df65b0c3-b01f-43a5-b5ef-3cd7edbb6f62","buildName":"projects/685486188945/locations/us-central1/builds/df65b0c3-b01f-43a5-b5ef-3cd7edbb6f62"}}
[debug] [2026-03-10T14:47:20.568Z] [create-default-us-central1-savePaymentMethod] Retrying task index 0
[debug] [2026-03-10T14:47:20.569Z] Checked if tokens are valid: true, expires at: 1773156693188
[debug] [2026-03-10T14:47:20.569Z] Checked if tokens are valid: true, expires at: 1773156693188
[debug] [2026-03-10T14:47:20.569Z] >>> [apiv2][query] GET https://cloudfunctions.googleapis.com/v1/operations/cHJvamVjdHMvbXphbnNpc2hvcC1iN2NiZS9sb2NhdGlvbnMvdXMtY2VudHJhbDEvb3BlcmF0aW9ucy9vcGVyYXRpb24tMTc3MzE1Mzk1ODQ3Ny02NGNhYzkzZDNjMDc2LTI1MmM0ZmMyLWU5YTlhNmZl [none]
[debug] [2026-03-10T14:47:21.113Z] <<< [apiv2][status] GET https://cloudfunctions.googleapis.com/v1/operations/cHJvamVjdHMvbXphbnNpc2hvcC1iN2NiZS9sb2NhdGlvbnMvdXMtY2VudHJhbDEvb3BlcmF0aW9ucy9vcGVyYXRpb24tMTc3MzE1Mzk1ODQ3Ny02NGNhYzkzZDNjMDc2LTI1MmM0ZmMyLWU5YTlhNmZl 200
[debug] [2026-03-10T14:47:21.114Z] <<< [apiv2][body] GET https://cloudfunctions.googleapis.com/v1/operations/cHJvamVjdHMvbXphbnNpc2hvcC1iN2NiZS9sb2NhdGlvbnMvdXMtY2VudHJhbDEvb3BlcmF0aW9ucy9vcGVyYXRpb24tMTc3MzE1Mzk1ODQ3Ny02NGNhYzkzZDNjMDc2LTI1MmM0ZmMyLWU5YTlhNmZl {"name":"operations/cHJvamVjdHMvbXphbnNpc2hvcC1iN2NiZS9sb2NhdGlvbnMvdXMtY2VudHJhbDEvb3BlcmF0aW9ucy9vcGVyYXRpb24tMTc3MzE1Mzk1ODQ3Ny02NGNhYzkzZDNjMDc2LTI1MmM0ZmMyLWU5YTlhNmZl","metadata":{"@type":"type.googleapis.com/google.cloud.functions.v1.OperationMetadataV1","target":"projects/mzansishop-b7cbe/locations/us-central1/functions/savePaymentMethod","type":"CREATE_FUNCTION","request":{"@type":"type.googleapis.com/google.cloud.functions.v1.CloudFunction","name":"projects/mzansishop-b7cbe/locations/us-central1/functions/savePaymentMethod","httpsTrigger":{"securityLevel":"SECURE_ALWAYS"},"entryPoint":"savePaymentMethod","updateTime":"1970-01-01T00:00:00Z","labels":{"deployment-tool":"cli-firebase","deployment-callable":"true","firebase-functions-hash":"d478f5744d475f001985877a188c136a7283a9d5"},"sourceUploadUrl":"https://storage.googleapis.com/uploads-217260105995.us-central1.cloudfunctions.appspot.com/e09bfe70-df4f-49ab-a00a-0324e70ffe42.zip?GoogleAccessId=service-685486188945@gcf-admin-robot.iam.gserviceaccount.com&Expires=1773155757&Signature=puG2Df1g7b0ppyjprOpngy3dqaD1RSGCxc%2BDF38iZWep3peWvoIxTY1Eip5GSrixY5kX4heFGlZUqQgiWsMyPuUWCJ43Bdq2pvB73ZYfcrLFAUiiuMpMKm68E%2B8QgP812Jnbbtew3YIa1soz4bTddYFOccnUHDxrM70S%2FumPNMANaLuTdRxECylKRoNKA9ke0OR0FtVSrGzC7QB1xeEmmzZpg2BkaToOzURFu2V%2BIqSkZq%2BMjbiD4RWlTKuczJ9F1RUSlcFlw6dd4TpdGRNhOSsXmnvB1bOx3S%2BrATOj1l%2FAAWUpx3H3wx3D2OSo8ENBYk3GozClc408PL8r8Haj3A%3D%3D","environmentVariables":{"FIREBASE_CONFIG":"{\"projectId\":\"mzansishop-b7cbe\",\"databaseURL\":\"https://mzansishop-b7cbe-default-rtdb.firebaseio.com\",\"storageBucket\":\"mzansishop-b7cbe.firebasestorage.app\"}","GCLOUD_PROJECT":"mzansishop-b7cbe","EVENTARC_CLOUD_EVENT_SOURCE":"projects/mzansishop-b7cbe/locations/us-central1/functions/savePaymentMethod"},"runtime":"nodejs20","buildEnvironmentVariables":{"GOOGLE_NODE_RUN_SCRIPTS":""},"dockerRegistry":"ARTIFACT_REGISTRY"},"versionId":"1","updateTime":"2026-03-10T14:45:59.971638028Z","buildId":"df65b0c3-b01f-43a5-b5ef-3cd7edbb6f62","buildName":"projects/685486188945/locations/us-central1/builds/df65b0c3-b01f-43a5-b5ef-3cd7edbb6f62"}}
[debug] [2026-03-10T14:47:31.126Z] [create-default-us-central1-savePaymentMethod] Retrying task index 0
[debug] [2026-03-10T14:47:31.126Z] Checked if tokens are valid: true, expires at: 1773156693188
[debug] [2026-03-10T14:47:31.127Z] Checked if tokens are valid: true, expires at: 1773156693188
[debug] [2026-03-10T14:47:31.128Z] >>> [apiv2][query] GET https://cloudfunctions.googleapis.com/v1/operations/cHJvamVjdHMvbXphbnNpc2hvcC1iN2NiZS9sb2NhdGlvbnMvdXMtY2VudHJhbDEvb3BlcmF0aW9ucy9vcGVyYXRpb24tMTc3MzE1Mzk1ODQ3Ny02NGNhYzkzZDNjMDc2LTI1MmM0ZmMyLWU5YTlhNmZl [none]
[debug] [2026-03-10T14:47:31.782Z] <<< [apiv2][status] GET https://cloudfunctions.googleapis.com/v1/operations/cHJvamVjdHMvbXphbnNpc2hvcC1iN2NiZS9sb2NhdGlvbnMvdXMtY2VudHJhbDEvb3BlcmF0aW9ucy9vcGVyYXRpb24tMTc3MzE1Mzk1ODQ3Ny02NGNhYzkzZDNjMDc2LTI1MmM0ZmMyLWU5YTlhNmZl 200
[debug] [2026-03-10T14:47:31.782Z] <<< [apiv2][body] GET https://cloudfunctions.googleapis.com/v1/operations/cHJvamVjdHMvbXphbnNpc2hvcC1iN2NiZS9sb2NhdGlvbnMvdXMtY2VudHJhbDEvb3BlcmF0aW9ucy9vcGVyYXRpb24tMTc3MzE1Mzk1ODQ3Ny02NGNhYzkzZDNjMDc2LTI1MmM0ZmMyLWU5YTlhNmZl {"name":"operations/cHJvamVjdHMvbXphbnNpc2hvcC1iN2NiZS9sb2NhdGlvbnMvdXMtY2VudHJhbDEvb3BlcmF0aW9ucy9vcGVyYXRpb24tMTc3MzE1Mzk1ODQ3Ny02NGNhYzkzZDNjMDc2LTI1MmM0ZmMyLWU5YTlhNmZl","metadata":{"@type":"type.googleapis.com/google.cloud.functions.v1.OperationMetadataV1","target":"projects/mzansishop-b7cbe/locations/us-central1/functions/savePaymentMethod","type":"CREATE_FUNCTION","request":{"@type":"type.googleapis.com/google.cloud.functions.v1.CloudFunction","name":"projects/mzansishop-b7cbe/locations/us-central1/functions/savePaymentMethod","httpsTrigger":{"securityLevel":"SECURE_ALWAYS"},"entryPoint":"savePaymentMethod","updateTime":"1970-01-01T00:00:00Z","labels":{"deployment-tool":"cli-firebase","deployment-callable":"true","firebase-functions-hash":"d478f5744d475f001985877a188c136a7283a9d5"},"sourceUploadUrl":"https://storage.googleapis.com/uploads-217260105995.us-central1.cloudfunctions.appspot.com/e09bfe70-df4f-49ab-a00a-0324e70ffe42.zip?GoogleAccessId=service-685486188945@gcf-admin-robot.iam.gserviceaccount.com&Expires=1773155757&Signature=puG2Df1g7b0ppyjprOpngy3dqaD1RSGCxc%2BDF38iZWep3peWvoIxTY1Eip5GSrixY5kX4heFGlZUqQgiWsMyPuUWCJ43Bdq2pvB73ZYfcrLFAUiiuMpMKm68E%2B8QgP812Jnbbtew3YIa1soz4bTddYFOccnUHDxrM70S%2FumPNMANaLuTdRxECylKRoNKA9ke0OR0FtVSrGzC7QB1xeEmmzZpg2BkaToOzURFu2V%2BIqSkZq%2BMjbiD4RWlTKuczJ9F1RUSlcFlw6dd4TpdGRNhOSsXmnvB1bOx3S%2BrATOj1l%2FAAWUpx3H3wx3D2OSo8ENBYk3GozClc408PL8r8Haj3A%3D%3D","environmentVariables":{"FIREBASE_CONFIG":"{\"projectId\":\"mzansishop-b7cbe\",\"databaseURL\":\"https://mzansishop-b7cbe-default-rtdb.firebaseio.com\",\"storageBucket\":\"mzansishop-b7cbe.firebasestorage.app\"}","GCLOUD_PROJECT":"mzansishop-b7cbe","EVENTARC_CLOUD_EVENT_SOURCE":"projects/mzansishop-b7cbe/locations/us-central1/functions/savePaymentMethod"},"runtime":"nodejs20","buildEnvironmentVariables":{"GOOGLE_NODE_RUN_SCRIPTS":""},"dockerRegistry":"ARTIFACT_REGISTRY"},"versionId":"1","updateTime":"2026-03-10T14:45:59.971638028Z","buildId":"df65b0c3-b01f-43a5-b5ef-3cd7edbb6f62","sourceToken":"ffa5ec30-80c1-45d0-b9ce-d02ed270a0d4","buildName":"projects/685486188945/locations/us-central1/builds/df65b0c3-b01f-43a5-b5ef-3cd7edbb6f62"}}
[debug] [2026-03-10T14:47:31.783Z] Got source token ffa5ec30-80c1-45d0-b9ce-d02ed270a0d4 for region us-central1
[debug] [2026-03-10T14:47:41.793Z] [create-default-us-central1-savePaymentMethod] Retrying task index 0
[debug] [2026-03-10T14:47:41.794Z] Checked if tokens are valid: true, expires at: 1773156693188
[debug] [2026-03-10T14:47:41.794Z] Checked if tokens are valid: true, expires at: 1773156693188
[debug] [2026-03-10T14:47:41.795Z] >>> [apiv2][query] GET https://cloudfunctions.googleapis.com/v1/operations/cHJvamVjdHMvbXphbnNpc2hvcC1iN2NiZS9sb2NhdGlvbnMvdXMtY2VudHJhbDEvb3BlcmF0aW9ucy9vcGVyYXRpb24tMTc3MzE1Mzk1ODQ3Ny02NGNhYzkzZDNjMDc2LTI1MmM0ZmMyLWU5YTlhNmZl [none]
[debug] [2026-03-10T14:47:42.286Z] <<< [apiv2][status] GET https://cloudfunctions.googleapis.com/v1/operations/cHJvamVjdHMvbXphbnNpc2hvcC1iN2NiZS9sb2NhdGlvbnMvdXMtY2VudHJhbDEvb3BlcmF0aW9ucy9vcGVyYXRpb24tMTc3MzE1Mzk1ODQ3Ny02NGNhYzkzZDNjMDc2LTI1MmM0ZmMyLWU5YTlhNmZl 200
[debug] [2026-03-10T14:47:42.286Z] <<< [apiv2][body] GET https://cloudfunctions.googleapis.com/v1/operations/cHJvamVjdHMvbXphbnNpc2hvcC1iN2NiZS9sb2NhdGlvbnMvdXMtY2VudHJhbDEvb3BlcmF0aW9ucy9vcGVyYXRpb24tMTc3MzE1Mzk1ODQ3Ny02NGNhYzkzZDNjMDc2LTI1MmM0ZmMyLWU5YTlhNmZl {"name":"operations/cHJvamVjdHMvbXphbnNpc2hvcC1iN2NiZS9sb2NhdGlvbnMvdXMtY2VudHJhbDEvb3BlcmF0aW9ucy9vcGVyYXRpb24tMTc3MzE1Mzk1ODQ3Ny02NGNhYzkzZDNjMDc2LTI1MmM0ZmMyLWU5YTlhNmZl","metadata":{"@type":"type.googleapis.com/google.cloud.functions.v1.OperationMetadataV1","target":"projects/mzansishop-b7cbe/locations/us-central1/functions/savePaymentMethod","type":"CREATE_FUNCTION","request":{"@type":"type.googleapis.com/google.cloud.functions.v1.CloudFunction","name":"projects/mzansishop-b7cbe/locations/us-central1/functions/savePaymentMethod","httpsTrigger":{"securityLevel":"SECURE_ALWAYS"},"entryPoint":"savePaymentMethod","updateTime":"1970-01-01T00:00:00Z","labels":{"deployment-tool":"cli-firebase","deployment-callable":"true","firebase-functions-hash":"d478f5744d475f001985877a188c136a7283a9d5"},"sourceUploadUrl":"https://storage.googleapis.com/uploads-217260105995.us-central1.cloudfunctions.appspot.com/e09bfe70-df4f-49ab-a00a-0324e70ffe42.zip?GoogleAccessId=service-685486188945@gcf-admin-robot.iam.gserviceaccount.com&Expires=1773155757&Signature=puG2Df1g7b0ppyjprOpngy3dqaD1RSGCxc%2BDF38iZWep3peWvoIxTY1Eip5GSrixY5kX4heFGlZUqQgiWsMyPuUWCJ43Bdq2pvB73ZYfcrLFAUiiuMpMKm68E%2B8QgP812Jnbbtew3YIa1soz4bTddYFOccnUHDxrM70S%2FumPNMANaLuTdRxECylKRoNKA9ke0OR0FtVSrGzC7QB1xeEmmzZpg2BkaToOzURFu2V%2BIqSkZq%2BMjbiD4RWlTKuczJ9F1RUSlcFlw6dd4TpdGRNhOSsXmnvB1bOx3S%2BrATOj1l%2FAAWUpx3H3wx3D2OSo8ENBYk3GozClc408PL8r8Haj3A%3D%3D","environmentVariables":{"FIREBASE_CONFIG":"{\"projectId\":\"mzansishop-b7cbe\",\"databaseURL\":\"https://mzansishop-b7cbe-default-rtdb.firebaseio.com\",\"storageBucket\":\"mzansishop-b7cbe.firebasestorage.app\"}","GCLOUD_PROJECT":"mzansishop-b7cbe","EVENTARC_CLOUD_EVENT_SOURCE":"projects/mzansishop-b7cbe/locations/us-central1/functions/savePaymentMethod"},"runtime":"nodejs20","buildEnvironmentVariables":{"GOOGLE_NODE_RUN_SCRIPTS":""},"dockerRegistry":"ARTIFACT_REGISTRY"},"versionId":"1","updateTime":"2026-03-10T14:45:59.971638028Z","buildId":"df65b0c3-b01f-43a5-b5ef-3cd7edbb6f62","sourceToken":"ffa5ec30-80c1-45d0-b9ce-d02ed270a0d4","buildName":"projects/685486188945/locations/us-central1/builds/df65b0c3-b01f-43a5-b5ef-3cd7edbb6f62"}}
[debug] [2026-03-10T14:47:42.286Z] Got source token ffa5ec30-80c1-45d0-b9ce-d02ed270a0d4 for region us-central1
[debug] [2026-03-10T14:47:52.295Z] [create-default-us-central1-savePaymentMethod] Retrying task index 0
[debug] [2026-03-10T14:47:52.295Z] Checked if tokens are valid: true, expires at: 1773156693188
[debug] [2026-03-10T14:47:52.295Z] Checked if tokens are valid: true, expires at: 1773156693188
[debug] [2026-03-10T14:47:52.296Z] >>> [apiv2][query] GET https://cloudfunctions.googleapis.com/v1/operations/cHJvamVjdHMvbXphbnNpc2hvcC1iN2NiZS9sb2NhdGlvbnMvdXMtY2VudHJhbDEvb3BlcmF0aW9ucy9vcGVyYXRpb24tMTc3MzE1Mzk1ODQ3Ny02NGNhYzkzZDNjMDc2LTI1MmM0ZmMyLWU5YTlhNmZl [none]
[debug] [2026-03-10T14:47:52.822Z] <<< [apiv2][status] GET https://cloudfunctions.googleapis.com/v1/operations/cHJvamVjdHMvbXphbnNpc2hvcC1iN2NiZS9sb2NhdGlvbnMvdXMtY2VudHJhbDEvb3BlcmF0aW9ucy9vcGVyYXRpb24tMTc3MzE1Mzk1ODQ3Ny02NGNhYzkzZDNjMDc2LTI1MmM0ZmMyLWU5YTlhNmZl 200
[debug] [2026-03-10T14:47:52.823Z] <<< [apiv2][body] GET https://cloudfunctions.googleapis.com/v1/operations/cHJvamVjdHMvbXphbnNpc2hvcC1iN2NiZS9sb2NhdGlvbnMvdXMtY2VudHJhbDEvb3BlcmF0aW9ucy9vcGVyYXRpb24tMTc3MzE1Mzk1ODQ3Ny02NGNhYzkzZDNjMDc2LTI1MmM0ZmMyLWU5YTlhNmZl {"name":"operations/cHJvamVjdHMvbXphbnNpc2hvcC1iN2NiZS9sb2NhdGlvbnMvdXMtY2VudHJhbDEvb3BlcmF0aW9ucy9vcGVyYXRpb24tMTc3MzE1Mzk1ODQ3Ny02NGNhYzkzZDNjMDc2LTI1MmM0ZmMyLWU5YTlhNmZl","metadata":{"@type":"type.googleapis.com/google.cloud.functions.v1.OperationMetadataV1","target":"projects/mzansishop-b7cbe/locations/us-central1/functions/savePaymentMethod","type":"CREATE_FUNCTION","request":{"@type":"type.googleapis.com/google.cloud.functions.v1.CloudFunction","name":"projects/mzansishop-b7cbe/locations/us-central1/functions/savePaymentMethod","httpsTrigger":{"securityLevel":"SECURE_ALWAYS"},"entryPoint":"savePaymentMethod","updateTime":"1970-01-01T00:00:00Z","labels":{"deployment-tool":"cli-firebase","deployment-callable":"true","firebase-functions-hash":"d478f5744d475f001985877a188c136a7283a9d5"},"sourceUploadUrl":"https://storage.googleapis.com/uploads-217260105995.us-central1.cloudfunctions.appspot.com/e09bfe70-df4f-49ab-a00a-0324e70ffe42.zip?GoogleAccessId=service-685486188945@gcf-admin-robot.iam.gserviceaccount.com&Expires=1773155757&Signature=puG2Df1g7b0ppyjprOpngy3dqaD1RSGCxc%2BDF38iZWep3peWvoIxTY1Eip5GSrixY5kX4heFGlZUqQgiWsMyPuUWCJ43Bdq2pvB73ZYfcrLFAUiiuMpMKm68E%2B8QgP812Jnbbtew3YIa1soz4bTddYFOccnUHDxrM70S%2FumPNMANaLuTdRxECylKRoNKA9ke0OR0FtVSrGzC7QB1xeEmmzZpg2BkaToOzURFu2V%2BIqSkZq%2BMjbiD4RWlTKuczJ9F1RUSlcFlw6dd4TpdGRNhOSsXmnvB1bOx3S%2BrATOj1l%2FAAWUpx3H3wx3D2OSo8ENBYk3GozClc408PL8r8Haj3A%3D%3D","environmentVariables":{"FIREBASE_CONFIG":"{\"projectId\":\"mzansishop-b7cbe\",\"databaseURL\":\"https://mzansishop-b7cbe-default-rtdb.firebaseio.com\",\"storageBucket\":\"mzansishop-b7cbe.firebasestorage.app\"}","GCLOUD_PROJECT":"mzansishop-b7cbe","EVENTARC_CLOUD_EVENT_SOURCE":"projects/mzansishop-b7cbe/locations/us-central1/functions/savePaymentMethod"},"runtime":"nodejs20","buildEnvironmentVariables":{"GOOGLE_NODE_RUN_SCRIPTS":""},"dockerRegistry":"ARTIFACT_REGISTRY"},"versionId":"1","updateTime":"2026-03-10T14:47:42.810603459Z","buildId":"df65b0c3-b01f-43a5-b5ef-3cd7edbb6f62","sourceToken":"ffa5ec30-80c1-45d0-b9ce-d02ed270a0d4","buildName":"projects/685486188945/locations/us-central1/builds/df65b0c3-b01f-43a5-b5ef-3cd7edbb6f62"},"done":true,"response":{"@type":"type.googleapis.com/google.cloud.functions.v1.CloudFunction","name":"projects/mzansishop-b7cbe/locations/us-central1/functions/savePaymentMethod","httpsTrigger":{"url":"https://us-central1-mzansishop-b7cbe.cloudfunctions.net/savePaymentMethod","securityLevel":"SECURE_ALWAYS"},"status":"ACTIVE","entryPoint":"savePaymentMethod","timeout":"60s","availableMemoryMb":256,"serviceAccountEmail":"mzansishop-b7cbe@appspot.gserviceaccount.com","updateTime":"2026-03-10T14:45:59.966284988Z","versionId":"1","labels":{"deployment-tool":"cli-firebase","deployment-callable":"true","firebase-functions-hash":"d478f5744d475f001985877a188c136a7283a9d5"},"sourceUploadUrl":"https://storage.googleapis.com/uploads-217260105995.us-central1.cloudfunctions.appspot.com/e09bfe70-df4f-49ab-a00a-0324e70ffe42.zip","environmentVariables":{"FIREBASE_CONFIG":"{\"projectId\":\"mzansishop-b7cbe\",\"databaseURL\":\"https://mzansishop-b7cbe-default-rtdb.firebaseio.com\",\"storageBucket\":\"mzansishop-b7cbe.firebasestorage.app\"}","GCLOUD_PROJECT":"mzansishop-b7cbe","EVENTARC_CLOUD_EVENT_SOURCE":"projects/mzansishop-b7cbe/locations/us-central1/functions/savePaymentMethod"},"runtime":"nodejs20","ingressSettings":"ALLOW_ALL","buildId":"df65b0c3-b01f-43a5-b5ef-3cd7edbb6f62","buildEnvironmentVariables":{"GOOGLE_NODE_RUN_SCRIPTS":""},"buildName":"projects/685486188945/locations/us-central1/builds/df65b0c3-b01f-43a5-b5ef-3cd7edbb6f62","dockerRegistry":"ARTIFACT_REGISTRY","automaticUpdatePolicy":{},"buildServiceAccount":"projects/mzansishop-b7cbe/serviceAccounts/685486188945-compute@developer.gserviceaccount.com","satisfiesPzi":true}}
[debug] [2026-03-10T14:47:52.823Z] Got source token ffa5ec30-80c1-45d0-b9ce-d02ed270a0d4 for region us-central1
[debug] [2026-03-10T14:47:52.824Z] Checked if tokens are valid: true, expires at: 1773156693188
[debug] [2026-03-10T14:47:52.824Z] Checked if tokens are valid: true, expires at: 1773156693188
[debug] [2026-03-10T14:47:52.824Z] >>> [apiv2][query] POST https://cloudfunctions.googleapis.com/v1/projects/mzansishop-b7cbe/locations/us-central1/functions/savePaymentMethod:setIamPolicy [none]
[debug] [2026-03-10T14:47:52.824Z] >>> [apiv2][body] POST https://cloudfunctions.googleapis.com/v1/projects/mzansishop-b7cbe/locations/us-central1/functions/savePaymentMethod:setIamPolicy {"policy":{"bindings":[{"role":"roles/cloudfunctions.invoker","members":["allUsers"]}],"etag":"","version":3},"updateMask":"bindings,etag,version"}
[debug] [2026-03-10T14:47:53.342Z] <<< [apiv2][status] POST https://cloudfunctions.googleapis.com/v1/projects/mzansishop-b7cbe/locations/us-central1/functions/savePaymentMethod:setIamPolicy 200
[debug] [2026-03-10T14:47:53.342Z] <<< [apiv2][body] POST https://cloudfunctions.googleapis.com/v1/projects/mzansishop-b7cbe/locations/us-central1/functions/savePaymentMethod:setIamPolicy {"version":1,"etag":"BwZMrJquWgw=","bindings":[{"role":"roles/cloudfunctions.invoker","members":["allUsers"]}]}
[info] +  functions[savePaymentMethod(us-central1)] Successful create operation. 
[debug] [2026-03-10T14:47:53.346Z] Total Function Deployment time: 115361
[debug] [2026-03-10T14:47:53.347Z] 1 Functions Deployed
[debug] [2026-03-10T14:47:53.347Z] 0 Functions Errored
[debug] [2026-03-10T14:47:53.347Z] 0 Function Deployments Aborted
[debug] [2026-03-10T14:47:53.347Z] Average Function Deployment time: 115359
[debug] [2026-03-10T14:47:53.347Z] Not printing URL for HTTPS function. Typically this means it didn't match a filter or we failed deployment
[debug] [2026-03-10T14:47:53.347Z] Not printing URL for HTTPS function. Typically this means it didn't match a filter or we failed deployment
[debug] [2026-03-10T14:47:53.348Z] Checked if tokens are valid: true, expires at: 1773156693188
[debug] [2026-03-10T14:47:53.348Z] Checked if tokens are valid: true, expires at: 1773156693188
[debug] [2026-03-10T14:47:53.348Z] >>> [apiv2][query] GET https://artifactregistry.googleapis.com/v1/projects/mzansishop-b7cbe/locations/us-central1/repositories/gcf-artifacts [none]
[debug] [2026-03-10T14:47:54.412Z] <<< [apiv2][status] GET https://artifactregistry.googleapis.com/v1/projects/mzansishop-b7cbe/locations/us-central1/repositories/gcf-artifacts 200
[debug] [2026-03-10T14:47:54.413Z] <<< [apiv2][body] GET https://artifactregistry.googleapis.com/v1/projects/mzansishop-b7cbe/locations/us-central1/repositories/gcf-artifacts {"name":"projects/mzansishop-b7cbe/locations/us-central1/repositories/gcf-artifacts","format":"DOCKER","description":"This repository is created and used by Cloud Functions for storing function docker images.","labels":{"goog-managed-by":"cloudfunctions"},"createTime":"2026-03-10T14:46:15.041072Z","updateTime":"2026-03-10T14:47:14.715286Z","mode":"STANDARD_REPOSITORY","sizeBytes":"515137325","vulnerabilityScanningConfig":{"lastEnableTime":"2026-03-10T14:46:02.607088254Z","enablementState":"SCANNING_DISABLED","enablementStateReason":"API containerscanning.googleapis.com is not enabled."},"satisfiesPzi":true,"registryUri":"us-central1-docker.pkg.dev/mzansishop-b7cbe/gcf-artifacts"}
[warn] !  functions: No cleanup policy detected for repositories in us-central1. This may result in a small monthly bill as container images accumulate over time. 
